Component: Arm Compiler for Embedded 6.21 Tool: armlink [5ec1fa00]

==============================================================================

Section Cross References

    empty.o(.text.main) refers to ti_msp_dl_config.o(.text.SYSCFG_DL_init) for SYSCFG_DL_init
    empty.o(.text.main) refers to user.o(.text.user_init) for user_init
    empty.o(.text.main) refers to user.o(.text.user_main) for user_main
    empty.o(.ARM.exidx.text.main) refers to empty.o(.text.main) for [Anonymous Symbol]
    startup_mspm0g350x_uvision.o(RESET) refers to startup_mspm0g350x_uvision.o(STACK) for __initial_sp
    startup_mspm0g350x_uvision.o(RESET) refers to startup_mspm0g350x_uvision.o(.text) for Reset_Handler
    startup_mspm0g350x_uvision.o(RESET) refers to user.o(.text.GROUP1_IRQHandler) for GROUP1_IRQHandler
    startup_mspm0g350x_uvision.o(RESET) refers to user.o(.text.TIMG0_IRQHandler) for TIMG0_IRQHandler
    startup_mspm0g350x_uvision.o(.text) refers to entry.o(.ARM.Collect$$$$00000000) for __main
    ti_msp_dl_config.o(.text.SYSCFG_DL_init) refers to ti_msp_dl_config.o(.text.SYSCFG_DL_initPower) for SYSCFG_DL_initPower
    ti_msp_dl_config.o(.text.SYSCFG_DL_init) refers to ti_msp_dl_config.o(.text.SYSCFG_DL_GPIO_init) for SYSCFG_DL_GPIO_init
    ti_msp_dl_config.o(.text.SYSCFG_DL_init) refers to ti_msp_dl_config.o(.text.SYSCFG_DL_SYSCTL_init) for SYSCFG_DL_SYSCTL_init
    ti_msp_dl_config.o(.text.SYSCFG_DL_init) refers to ti_msp_dl_config.o(.text.SYSCFG_DL_PWM_0_init) for SYSCFG_DL_PWM_0_init
    ti_msp_dl_config.o(.text.SYSCFG_DL_init) refers to ti_msp_dl_config.o(.text.SYSCFG_DL_TIMER_0_init) for SYSCFG_DL_TIMER_0_init
    ti_msp_dl_config.o(.text.SYSCFG_DL_init) refers to ti_msp_dl_config.o(.text.SYSCFG_DL_UART_0_init) for SYSCFG_DL_UART_0_init
    ti_msp_dl_config.o(.text.SYSCFG_DL_init) refers to ti_msp_dl_config.o(.text.SYSCFG_DL_SYSTICK_init) for SYSCFG_DL_SYSTICK_init
    ti_msp_dl_config.o(.text.SYSCFG_DL_init) refers to ti_msp_dl_config.o(.bss.gPWM_0Backup) for gPWM_0Backup
    ti_msp_dl_config.o(.ARM.exidx.text.SYSCFG_DL_init) refers to ti_msp_dl_config.o(.text.SYSCFG_DL_init) for [Anonymous Symbol]
    ti_msp_dl_config.o(.text.SYSCFG_DL_initPower) refers to ti_msp_dl_config.o(.text.DL_GPIO_reset) for DL_GPIO_reset
    ti_msp_dl_config.o(.text.SYSCFG_DL_initPower) refers to ti_msp_dl_config.o(.text.DL_Timer_reset) for DL_Timer_reset
    ti_msp_dl_config.o(.text.SYSCFG_DL_initPower) refers to ti_msp_dl_config.o(.text.DL_UART_reset) for DL_UART_reset
    ti_msp_dl_config.o(.text.SYSCFG_DL_initPower) refers to ti_msp_dl_config.o(.text.DL_GPIO_enablePower) for DL_GPIO_enablePower
    ti_msp_dl_config.o(.text.SYSCFG_DL_initPower) refers to ti_msp_dl_config.o(.text.DL_Timer_enablePower) for DL_Timer_enablePower
    ti_msp_dl_config.o(.text.SYSCFG_DL_initPower) refers to ti_msp_dl_config.o(.text.DL_UART_enablePower) for DL_UART_enablePower
    ti_msp_dl_config.o(.text.SYSCFG_DL_initPower) refers to dl_common.o(.text.DL_Common_delayCycles) for DL_Common_delayCycles
    ti_msp_dl_config.o(.ARM.exidx.text.SYSCFG_DL_initPower) refers to ti_msp_dl_config.o(.text.SYSCFG_DL_initPower) for [Anonymous Symbol]
    ti_msp_dl_config.o(.text.SYSCFG_DL_GPIO_init) refers to ti_msp_dl_config.o(.text.DL_GPIO_initPeripheralOutputFunction) for DL_GPIO_initPeripheralOutputFunction
    ti_msp_dl_config.o(.text.SYSCFG_DL_GPIO_init) refers to ti_msp_dl_config.o(.text.DL_GPIO_enableOutput) for DL_GPIO_enableOutput
    ti_msp_dl_config.o(.text.SYSCFG_DL_GPIO_init) refers to ti_msp_dl_config.o(.text.DL_GPIO_initPeripheralInputFunctionFeatures) for DL_GPIO_initPeripheralInputFunctionFeatures
    ti_msp_dl_config.o(.text.SYSCFG_DL_GPIO_init) refers to ti_msp_dl_config.o(.text.DL_GPIO_enableHiZ) for DL_GPIO_enableHiZ
    ti_msp_dl_config.o(.text.SYSCFG_DL_GPIO_init) refers to ti_msp_dl_config.o(.text.DL_GPIO_initPeripheralInputFunction) for DL_GPIO_initPeripheralInputFunction
    ti_msp_dl_config.o(.text.SYSCFG_DL_GPIO_init) refers to ti_msp_dl_config.o(.text.DL_GPIO_initDigitalOutput) for DL_GPIO_initDigitalOutput
    ti_msp_dl_config.o(.text.SYSCFG_DL_GPIO_init) refers to ti_msp_dl_config.o(.text.DL_GPIO_initDigitalInput) for DL_GPIO_initDigitalInput
    ti_msp_dl_config.o(.text.SYSCFG_DL_GPIO_init) refers to ti_msp_dl_config.o(.text.DL_GPIO_initDigitalInputFeatures) for DL_GPIO_initDigitalInputFeatures
    ti_msp_dl_config.o(.text.SYSCFG_DL_GPIO_init) refers to ti_msp_dl_config.o(.text.DL_GPIO_clearPins) for DL_GPIO_clearPins
    ti_msp_dl_config.o(.text.SYSCFG_DL_GPIO_init) refers to ti_msp_dl_config.o(.text.DL_GPIO_setLowerPinsPolarity) for DL_GPIO_setLowerPinsPolarity
    ti_msp_dl_config.o(.text.SYSCFG_DL_GPIO_init) refers to ti_msp_dl_config.o(.text.DL_GPIO_setUpperPinsPolarity) for DL_GPIO_setUpperPinsPolarity
    ti_msp_dl_config.o(.text.SYSCFG_DL_GPIO_init) refers to ti_msp_dl_config.o(.text.DL_GPIO_clearInterruptStatus) for DL_GPIO_clearInterruptStatus
[...]
    .ARM.Collect$$$$0000000A                 0x000000c8   Section        0  entry8b.o(.ARM.Collect$$$$0000000A)
    .ARM.Collect$$$$0000000B                 0x000000c8   Section        8  entry9a.o(.ARM.Collect$$$$0000000B)
    __lit__00000000                          0x000000d0   Data           4  entry2.o(.ARM.Collect$$$$00002712)
    .ARM.Collect$$$$0000000D                 0x000000d0   Section        0  entry10a.o(.ARM.Collect$$$$0000000D)
    .ARM.Collect$$$$0000000F                 0x000000d0   Section        0  entry11a.o(.ARM.Collect$$$$0000000F)
    .ARM.Collect$$$$00002712                 0x000000d0   Section        4  entry2.o(.ARM.Collect$$$$00002712)
    .text                                    0x000000d4   Section       20  startup_mspm0g350x_uvision.o(.text)
    .text                                    0x000000e8   Section        0  memseta.o(.text)
    .text                                    0x0000010c   Section        0  fadd.o(.text)
    .text                                    0x000001be   Section        0  fmul.o(.text)
    .text                                    0x00000238   Section        0  dmul.o(.text)
    .text                                    0x00000308   Section        0  ddiv.o(.text)
    .text                                    0x000003f8   Section        0  fcmple.o(.text)
    .text                                    0x00000414   Section        0  fcmplt.o(.text)
    .text                                    0x00000430   Section        0  fcmpge.o(.text)
    .text                                    0x0000044c   Section        0  fflti.o(.text)
    .text                                    0x00000462   Section        0  ffixi.o(.text)
    .text                                    0x00000494   Section        0  f2d.o(.text)
    .text                                    0x000004bc   Section        0  d2f.o(.text)
    .text                                    0x000004f4   Section        0  uidiv_div0.o(.text)
    .text                                    0x00000532   Section        0  uldiv.o(.text)
    .text                                    0x00000592   Section        0  iusefp.o(.text)
    .text                                    0x00000592   Section        0  fepilogue.o(.text)
    .text                                    0x00000614   Section        0  depilogue.o(.text)
    .text                                    0x000006d4   Section        0  dadd.o(.text)
    .text                                    0x00000838   Section        0  dfixul.o(.text)
    .text                                    0x00000878   Section       40  cdrcmple.o(.text)
    .text                                    0x000008a0   Section       48  init.o(.text)
    .text                                    0x000008d0   Section        0  llshl.o(.text)
    .text                                    0x000008f0   Section        0  llushr.o(.text)
    .text                                    0x00000912   Section        0  llsshr.o(.text)
    [Anonymous Symbol]                       0x00000938   Section        0  dl_common.o(.text.DL_Common_delayCycles)
    DL_Common_updateReg                      0x00000943   Thumb Code    40  ti_msp_dl_config.o(.text.DL_Common_updateReg)
    [Anonymous Symbol]                       0x00000942   Section        0  ti_msp_dl_config.o(.text.DL_Common_updateReg)
    DL_GPIO_clearInterruptStatus             0x0000096d   Thumb Code    24  ti_msp_dl_config.o(.text.DL_GPIO_clearInterruptStatus)
    [Anonymous Symbol]                       0x0000096c   Section        0  ti_msp_dl_config.o(.text.DL_GPIO_clearInterruptStatus)
    DL_GPIO_clearInterruptStatus             0x00000985   Thumb Code    24  encoder.o(.text.DL_GPIO_clearInterruptStatus)
    [Anonymous Symbol]                       0x00000984   Section        0  encoder.o(.text.DL_GPIO_clearInterruptStatus)
    __arm_cp.3_0                             0x0000099c   Number         4  encoder.o(.text.DL_GPIO_clearInterruptStatus)
    DL_GPIO_clearPins                        0x000009a1   Thumb Code    20  ti_msp_dl_config.o(.text.DL_GPIO_clearPins)
    [Anonymous Symbol]                       0x000009a0   Section        0  ti_msp_dl_config.o(.text.DL_GPIO_clearPins)
    DL_GPIO_clearPins                        0x000009b5   Thumb Code    20  oled.o(.text.DL_GPIO_clearPins)
    [Anonymous Symbol]                       0x000009b4   Section        0  oled.o(.text.DL_GPIO_clearPins)
    DL_GPIO_clearPins                        0x000009c9   Thumb Code    20  led.o(.text.DL_GPIO_clearPins)
    [Anonymous Symbol]                       0x000009c8   Section        0  led.o(.text.DL_GPIO_clearPins)
    DL_GPIO_clearPins                        0x000009dd   Thumb Code    20  motor.o(.text.DL_GPIO_clearPins)
    [Anonymous Symbol]                       0x000009dc   Section        0  motor.o(.text.DL_GPIO_clearPins)
    DL_GPIO_enableHiZ                        0x000009f1   Thumb Code    24  ti_msp_dl_config.o(.text.DL_GPIO_enableHiZ)
    [Anonymous Symbol]                       0x000009f0   Section        0  ti_msp_dl_config.o(.text.DL_GPIO_enableHiZ)
    DL_GPIO_enableInterrupt                  0x00000a09   Thumb Code    24  ti_msp_dl_config.o(.text.DL_GPIO_enableInterrupt)
    [Anonymous Symbol]                       0x00000a08   Section        0  ti_msp_dl_config.o(.text.DL_GPIO_enableInterrupt)
    __arm_cp.28_0                            0x00000a20   Number         4  ti_msp_dl_config.o(.text.DL_GPIO_enableInterrupt)
    DL_GPIO_enableOutput                     0x00000a25   Thumb Code    20  ti_msp_dl_config.o(.text.DL_GPIO_enableOutput)
    [Anonymous Symbol]                       0x00000a24   Section        0  ti_msp_dl_config.o(.text.DL_GPIO_enableOutput)
    __arm_cp.17_0                            0x00000a38   Number         4  ti_msp_dl_config.o(.text.DL_GPIO_enableOutput)
    DL_GPIO_enablePower                      0x00000a3d   Thumb Code    20  ti_msp_dl_config.o(.text.DL_GPIO_enablePower)
    [Anonymous Symbol]                       0x00000a3c   Section        0  ti_msp_dl_config.o(.text.DL_GPIO_enablePower)
    __arm_cp.13_0                            0x00000a50   Number         4  ti_msp_dl_config.o(.text.DL_GPIO_enablePower)
    DL_GPIO_getEnabledInterruptStatus        0x00000a55   Thumb Code    20  encoder.o(.text.DL_GPIO_getEnabledInterruptStatus)
    [Anonymous Symbol]                       0x00000a54   Section        0  encoder.o(.text.DL_GPIO_getEnabledInterruptStatus)
    __arm_cp.1_0                             0x00000a68   Number         4  encoder.o(.text.DL_GPIO_getEnabledInterruptStatus)
    DL_GPIO_initDigitalInput                 0x00000a6d   Thumb Code    20  ti_msp_dl_config.o(.text.DL_GPIO_initDigitalInput)
    [Anonymous Symbol]                       0x00000a6c   Section        0  ti_msp_dl_config.o(.text.DL_GPIO_initDigitalInput)
    DL_GPIO_initDigitalInputFeatures         0x00000a81   Thumb Code    44  ti_msp_dl_config.o(.text.DL_GPIO_initDigitalInputFeatures)
    [Anonymous Symbol]                       0x00000a80   Section        0  ti_msp_dl_config.o(.text.DL_GPIO_initDigitalInputFeatures)
    __arm_cp.23_0                            0x00000aac   Number         4  ti_msp_dl_config.o(.text.DL_GPIO_initDigitalInputFeatures)
    DL_GPIO_initDigitalOutput                0x00000ab1   Thumb Code    20  ti_msp_dl_config.o(.text.DL_GPIO_initDigitalOutput)
    [Anonymous Symbol]                       0x00000ab0   Section        0  ti_msp_dl_config.o(.text.DL_GPIO_initDigitalOutput)
    DL_GPIO_initPeripheralInputFunction      0x00000ac5   Thumb Code    24  ti_msp_dl_config.o(.text.DL_GPIO_initPeripheralInputFunction)
    [Anonymous Symbol]                       0x00000ac4   Section        0  ti_msp_dl_config.o(.text.DL_GPIO_initPeripheralInputFunction)
    DL_GPIO_initPeripheralInputFunctionFeatures 0x00000add   Thumb Code    52  ti_msp_dl_config.o(.text.DL_GPIO_initPeripheralInputFunctionFeatures)
    [Anonymous Symbol]                       0x00000adc   Section        0  ti_msp_dl_config.o(.text.DL_GPIO_initPeripheralInputFunctionFeatures)
    __arm_cp.18_0                            0x00000b10   Number         4  ti_msp_dl_config.o(.text.DL_GPIO_initPeripheralInputFunctionFeatures)
    DL_GPIO_initPeripheralOutputFunction     0x00000b15   Thumb Code    24  ti_msp_dl_config.o(.text.DL_GPIO_initPeripheralOutputFunction)
    [Anonymous Symbol]                       0x00000b14   Section        0  ti_msp_dl_config.o(.text.DL_GPIO_initPeripheralOutputFunction)
    __arm_cp.16_0                            0x00000b2c   Number         4  ti_msp_dl_config.o(.text.DL_GPIO_initPeripheralOutputFunction)
    DL_GPIO_readPins                         0x00000b31   Thumb Code    22  key.o(.text.DL_GPIO_readPins)
    [Anonymous Symbol]                       0x00000b30   Section        0  key.o(.text.DL_GPIO_readPins)
    DL_GPIO_readPins                         0x00000b47   Thumb Code    22  encoder.o(.text.DL_GPIO_readPins)
    [Anonymous Symbol]                       0x00000b46   Section        0  encoder.o(.text.DL_GPIO_readPins)
    DL_GPIO_reset                            0x00000b5d   Thumb Code    16  ti_msp_dl_config.o(.text.DL_GPIO_reset)
    [Anonymous Symbol]                       0x00000b5c   Section        0  ti_msp_dl_config.o(.text.DL_GPIO_reset)
    __arm_cp.10_0                            0x00000b6c   Number         4  ti_msp_dl_config.o(.text.DL_GPIO_reset)
    __arm_cp.10_1                            0x00000b70   Number         4  ti_msp_dl_config.o(.text.DL_GPIO_reset)
    DL_GPIO_setLowerPinsPolarity             0x00000b75   Thumb Code    24  ti_msp_dl_config.o(.text.DL_GPIO_setLowerPinsPolarity)
    [Anonymous Symbol]                       0x00000b74   Section        0  ti_msp_dl_config.o(.text.DL_GPIO_setLowerPinsPolarity)
    __arm_cp.25_0                            0x00000b8c   Number         4  ti_msp_dl_config.o(.text.DL_GPIO_setLowerPinsPolarity)
    DL_GPIO_setPins                          0x00000b91   Thumb Code    20  oled.o(.text.DL_GPIO_setPins)
    [Anonymous Symbol]                       0x00000b90   Section        0  oled.o(.text.DL_GPIO_setPins)
    DL_GPIO_setPins                          0x00000ba5   Thumb Code    20  motor.o(.text.DL_GPIO_setPins)
    [Anonymous Symbol]                       0x00000ba4   Section        0  motor.o(.text.DL_GPIO_setPins)
    __arm_cp.2_0                             0x00000bb8   Number         4  motor.o(.text.DL_GPIO_setPins)
    DL_GPIO_setUpperPinsPolarity             0x00000bbd   Thumb Code    24  ti_msp_dl_config.o(.text.DL_GPIO_setUpperPinsPolarity)
    [Anonymous Symbol]                       0x00000bbc   Section        0  ti_msp_dl_config.o(.text.DL_GPIO_setUpperPinsPolarity)
    DL_GPIO_togglePins                       0x00000bd5   Thumb Code    20  led.o(.text.DL_GPIO_togglePins)
    [Anonymous Symbol]                       0x00000bd4   Section        0  led.o(.text.DL_GPIO_togglePins)
    __arm_cp.5_0                             0x00000be8   Number         4  led.o(.text.DL_GPIO_togglePins)
    [Anonymous Symbol]                       0x00000bec   Section        0  dl_sysctl_mspm0g1x0x_g3x0x.o(.text.DL_SYSCTL_configSYSPLL)
    __arm_cp.0_2                             0x00000ca0   Number         4  dl_sysctl_mspm0g1x0x_g3x0x.o(.text.DL_SYSCTL_configSYSPLL)
    __arm_cp.0_3                             0x00000ca4   Number         4  dl_sysctl_mspm0g1x0x_g3x0x.o(.text.DL_SYSCTL_configSYSPLL)
    __arm_cp.0_4                             0x00000ca8   Number         4  dl_sysctl_mspm0g1x0x_g3x0x.o(.text.DL_SYSCTL_configSYSPLL)
    DL_SYSCTL_disableHFXT                    0x00000cad   Thumb Code    12  ti_msp_dl_config.o(.text.DL_SYSCTL_disableHFXT)
    [Anonymous Symbol]                       0x00000cac   Section        0  ti_msp_dl_config.o(.text.DL_SYSCTL_disableHFXT)
    DL_SYSCTL_disableSYSPLL                  0x00000cb9   Thumb Code    16  ti_msp_dl_config.o(.text.DL_SYSCTL_disableSYSPLL)
    [Anonymous Symbol]                       0x00000cb8   Section        0  ti_msp_dl_config.o(.text.DL_SYSCTL_disableSYSPLL)
    __arm_cp.33_0                            0x00000cc8   Number         4  ti_msp_dl_config.o(.text.DL_SYSCTL_disableSYSPLL)
    DL_SYSCTL_setBORThreshold                0x00000ccd   Thumb Code    20  ti_msp_dl_config.o(.text.DL_SYSCTL_setBORThreshold)
    [Anonymous Symbol]                       0x00000ccc   Section        0  ti_msp_dl_config.o(.text.DL_SYSCTL_setBORThreshold)
    __arm_cp.29_0                            0x00000ce0   Number         4  ti_msp_dl_config.o(.text.DL_SYSCTL_setBORThreshold)
    DL_SYSCTL_setFlashWaitState              0x00000ce5   Thumb Code    28  ti_msp_dl_config.o(.text.DL_SYSCTL_setFlashWaitState)
    [Anonymous Symbol]                       0x00000ce4   Section        0  ti_msp_dl_config.o(.text.DL_SYSCTL_setFlashWaitState)
    DL_SYSCTL_setSYSOSCFreq                  0x00000d01   Thumb Code    24  ti_msp_dl_config.o(.text.DL_SYSCTL_setSYSOSCFreq)
    [Anonymous Symbol]                       0x00000d00   Section        0  ti_msp_dl_config.o(.text.DL_SYSCTL_setSYSOSCFreq)
    __arm_cp.31_0                            0x00000d18   Number         4  ti_msp_dl_config.o(.text.DL_SYSCTL_setSYSOSCFreq)
    DL_SYSCTL_setULPCLKDivider               0x00000d1d   Thumb Code    24  ti_msp_dl_config.o(.text.DL_SYSCTL_setULPCLKDivider)
    [Anonymous Symbol]                       0x00000d1c   Section        0  ti_msp_dl_config.o(.text.DL_SYSCTL_setULPCLKDivider)
    [Anonymous Symbol]                       0x00000d34   Section        0  dl_sysctl_mspm0g1x0x_g3x0x.o(.text.DL_SYSCTL_switchMCLKfromSYSOSCtoHSCLK)
    __arm_cp.4_0                             0x00000d54   Number         4  dl_sysctl_mspm0g1x0x_g3x0x.o(.text.DL_SYSCTL_switchMCLKfromSYSOSCtoHSCLK)
    __arm_cp.4_1                             0x00000d58   Number         4  dl_sysctl_mspm0g1x0x_g3x0x.o(.text.DL_SYSCTL_switchMCLKfromSYSOSCtoHSCLK)
    DL_SYSTICK_enable                        0x00000d5d   Thumb Code    12  ti_msp_dl_config.o(.text.DL_SYSTICK_enable)
    [Anonymous Symbol]                       0x00000d5c   Section        0  ti_msp_dl_config.o(.text.DL_SYSTICK_enable)
    DL_SYSTICK_init                          0x00000d69   Thumb Code    28  ti_msp_dl_config.o(.text.DL_SYSTICK_init)
    [Anonymous Symbol]                       0x00000d68   Section        0  ti_msp_dl_config.o(.text.DL_SYSTICK_init)
    __arm_cp.60_0                            0x00000d84   Number         4  ti_msp_dl_config.o(.text.DL_SYSTICK_init)
    __arm_cp.60_1                            0x00000d88   Number         4  ti_msp_dl_config.o(.text.DL_SYSTICK_init)
    __arm_cp.60_2                            0x00000d8c   Number         4  ti_msp_dl_config.o(.text.DL_SYSTICK_init)
    [Anonymous Symbol]                       0x00000d90   Section        0  dl_timer.o(.text.DL_TimerA_initPWMMode)
    __arm_cp.39_0                            0x00000e00   Number         4  dl_timer.o(.text.DL_TimerA_initPWMMode)
    DL_Timer_enableClock                     0x00000e05   Thumb Code    16  ti_msp_dl_config.o(.text.DL_Timer_enableClock)
    [Anonymous Symbol]                       0x00000e04   Section        0  ti_msp_dl_config.o(.text.DL_Timer_enableClock)
    DL_Timer_enableInterrupt                 0x00000e15   Thumb Code    24  ti_msp_dl_config.o(.text.DL_Timer_enableInterrupt)
    [Anonymous Symbol]                       0x00000e14   Section        0  ti_msp_dl_config.o(.text.DL_Timer_enableInterrupt)
    __arm_cp.38_0                            0x00000e2c   Number         4  ti_msp_dl_config.o(.text.DL_Timer_enableInterrupt)
    DL_Timer_enablePower                     0x00000e31   Thumb Code    20  ti_msp_dl_config.o(.text.DL_Timer_enablePower)
    [Anonymous Symbol]                       0x00000e30   Section        0  ti_msp_dl_config.o(.text.DL_Timer_enablePower)
    DL_Timer_getPendingInterrupt             0x00000e45   Thumb Code    18  user.o(.text.DL_Timer_getPendingInterrupt)
    [Anonymous Symbol]                       0x00000e44   Section        0  user.o(.text.DL_Timer_getPendingInterrupt)
    [Anonymous Symbol]                       0x00000e58   Section        0  dl_timer.o(.text.DL_Timer_initPWMMode)
    __arm_cp.11_1                            0x00000f04   Number         4  dl_timer.o(.text.DL_Timer_initPWMMode)
    __arm_cp.11_2                            0x00000f08   Number         4  dl_timer.o(.text.DL_Timer_initPWMMode)
    __arm_cp.11_3                            0x00000f0c   Number         4  dl_timer.o(.text.DL_Timer_initPWMMode)
    __arm_cp.11_4                            0x00000f10   Number         4  dl_timer.o(.text.DL_Timer_initPWMMode)
    __arm_cp.11_6                            0x00000f14   Number         4  dl_timer.o(.text.DL_Timer_initPWMMode)
    [Anonymous Symbol]                       0x00000f18   Section        0  dl_timer.o(.text.DL_Timer_initTimerMode)
    __arm_cp.2_0                             0x00000ff8   Number         4  dl_timer.o(.text.DL_Timer_initTimerMode)
    __arm_cp.2_1                             0x00000ffc   Number         4  dl_timer.o(.text.DL_Timer_initTimerMode)
    __arm_cp.2_2                             0x00001000   Number         4  dl_timer.o(.text.DL_Timer_initTimerMode)
    __arm_cp.2_3                             0x00001004   Number         4  dl_timer.o(.text.DL_Timer_initTimerMode)
    DL_Timer_reset                           0x00001009   Thumb Code    16  ti_msp_dl_config.o(.text.DL_Timer_reset)
    [Anonymous Symbol]                       0x00001008   Section        0  ti_msp_dl_config.o(.text.DL_Timer_reset)
    DL_Timer_setCCPDirection                 0x00001019   Thumb Code    20  ti_msp_dl_config.o(.text.DL_Timer_setCCPDirection)
    [Anonymous Symbol]                       0x00001018   Section        0  ti_msp_dl_config.o(.text.DL_Timer_setCCPDirection)
    [Anonymous Symbol]                       0x0000102c   Section        0  dl_timer.o(.text.DL_Timer_setCaptCompUpdateMethod)
    __arm_cp.26_0                            0x00001044   Number         4  dl_timer.o(.text.DL_Timer_setCaptCompUpdateMethod)
    [Anonymous Symbol]                       0x00001048   Section        0  dl_timer.o(.text.DL_Timer_setCaptureCompareOutCtl)
    __arm_cp.13_0                            0x0000105c   Number         4  dl_timer.o(.text.DL_Timer_setCaptureCompareOutCtl)
    [Anonymous Symbol]                       0x00001060   Section        0  dl_timer.o(.text.DL_Timer_setCaptureCompareValue)
    __arm_cp.3_0                             0x0000106c   Number         4  dl_timer.o(.text.DL_Timer_setCaptureCompareValue)
    [Anonymous Symbol]                       0x00001070   Section        0  dl_timer.o(.text.DL_Timer_setClockConfig)
    DL_UART_enable                           0x00001089   Thumb Code    22  ti_msp_dl_config.o(.text.DL_UART_enable)
    [Anonymous Symbol]                       0x00001088   Section        0  ti_msp_dl_config.o(.text.DL_UART_enable)
    DL_UART_enableFIFOs                      0x0000109f   Thumb Code    24  ti_msp_dl_config.o(.text.DL_UART_enableFIFOs)
    [Anonymous Symbol]                       0x0000109e   Section        0  ti_msp_dl_config.o(.text.DL_UART_enableFIFOs)
    DL_UART_enableLoopbackMode               0x000010b7   Thumb Code    22  ti_msp_dl_config.o(.text.DL_UART_enableLoopbackMode)
    [Anonymous Symbol]                       0x000010b6   Section        0  ti_msp_dl_config.o(.text.DL_UART_enableLoopbackMode)
    DL_UART_enablePower                      0x000010cd   Thumb Code    20  ti_msp_dl_config.o(.text.DL_UART_enablePower)
    [Anonymous Symbol]                       0x000010cc   Section        0  ti_msp_dl_config.o(.text.DL_UART_enablePower)
    __arm_cp.15_0                            0x000010e0   Number         4  ti_msp_dl_config.o(.text.DL_UART_enablePower)
    [Anonymous Symbol]                       0x000010e4   Section        0  dl_uart.o(.text.DL_UART_init)
    __arm_cp.0_0                             0x00001124   Number         4  dl_uart.o(.text.DL_UART_init)
    __arm_cp.0_1                             0x00001128   Number         4  dl_uart.o(.text.DL_UART_init)
    DL_UART_isBusy                           0x0000112d   Thumb Code    20  bsp_printf.o(.text.DL_UART_isBusy)
    [Anonymous Symbol]                       0x0000112c   Section        0  bsp_printf.o(.text.DL_UART_isBusy)
    __arm_cp.1_0                             0x00001140   Number         4  bsp_printf.o(.text.DL_UART_isBusy)
    DL_UART_reset                            0x00001145   Thumb Code    16  ti_msp_dl_config.o(.text.DL_UART_reset)
    [Anonymous Symbol]                       0x00001144   Section        0  ti_msp_dl_config.o(.text.DL_UART_reset)
    __arm_cp.12_0                            0x00001154   Number         4  ti_msp_dl_config.o(.text.DL_UART_reset)
    __arm_cp.12_1                            0x00001158   Number         4  ti_msp_dl_config.o(.text.DL_UART_reset)
    DL_UART_setBaudRateDivisor               0x0000115d   Thumb Code    60  ti_msp_dl_config.o(.text.DL_UART_setBaudRateDivisor)
    [Anonymous Symbol]                       0x0000115c   Section        0  ti_msp_dl_config.o(.text.DL_UART_setBaudRateDivisor)
    __arm_cp.49_0                            0x00001198   Number         4  ti_msp_dl_config.o(.text.DL_UART_setBaudRateDivisor)
    __arm_cp.49_1                            0x0000119c   Number         4  ti_msp_dl_config.o(.text.DL_UART_setBaudRateDivisor)
    __arm_cp.49_2                            0x000011a0   Number         4  ti_msp_dl_config.o(.text.DL_UART_setBaudRateDivisor)
    __arm_cp.49_3                            0x000011a4   Number         4  ti_msp_dl_config.o(.text.DL_UART_setBaudRateDivisor)
    [Anonymous Symbol]                       0x000011a8   Section        0  dl_uart.o(.text.DL_UART_setClockConfig)
    DL_UART_setOversampling                  0x000011bb   Thumb Code    30  ti_msp_dl_config.o(.text.DL_UART_setOversampling)
    [Anonymous Symbol]                       0x000011ba   Section        0  ti_msp_dl_config.o(.text.DL_UART_setOversampling)
    DL_UART_setRXFIFOThreshold               0x000011d9   Thumb Code    36  ti_msp_dl_config.o(.text.DL_UART_setRXFIFOThreshold)
    [Anonymous Symbol]                       0x000011d8   Section        0  ti_msp_dl_config.o(.text.DL_UART_setRXFIFOThreshold)
    DL_UART_setTXFIFOThreshold               0x000011fd   Thumb Code    36  ti_msp_dl_config.o(.text.DL_UART_setTXFIFOThreshold)
    [Anonymous Symbol]                       0x000011fc   Section        0  ti_msp_dl_config.o(.text.DL_UART_setTXFIFOThreshold)
    __arm_cp.52_0                            0x00001220   Number         4  ti_msp_dl_config.o(.text.DL_UART_setTXFIFOThreshold)
    [Anonymous Symbol]                       0x00001224   Section        0  dl_uart.o(.text.DL_UART_transmitDataBlocking)
    __arm_cp.7_0                             0x00001234   Number         4  dl_uart.o(.text.DL_UART_transmitDataBlocking)
    [Anonymous Symbol]                       0x00001238   Section        0  user.o(.text.GROUP1_IRQHandler)
    [Anonymous Symbol]                       0x00001240   Section        0  encoder.o(.text.Get_Encoder)
    __arm_cp.0_0                             0x00001348   Number         4  encoder.o(.text.Get_Encoder)
    __arm_cp.0_1                             0x0000134c   Number         4  encoder.o(.text.Get_Encoder)
    __arm_cp.0_2                             0x00001350   Number         4  encoder.o(.text.Get_Encoder)
    __arm_cp.0_3                             0x00001354   Number         4  encoder.o(.text.Get_Encoder)
    __arm_cp.0_4                             0x00001358   Number         4  encoder.o(.text.Get_Encoder)
    __arm_cp.0_5                             0x0000135c   Number         4  encoder.o(.text.Get_Encoder)
    [Anonymous Symbol]                       0x00001360   Section        0  control.o(.text.Get_Velocity_From_Encoder)
    __arm_cp.0_0                             0x0000143c   Number         4  control.o(.text.Get_Velocity_From_Encoder)
    __arm_cp.0_1                             0x00001440   Number         4  control.o(.text.Get_Velocity_From_Encoder)
    __arm_cp.0_2                             0x00001444   Number         4  control.o(.text.Get_Velocity_From_Encoder)
    __arm_cp.0_3                             0x00001448   Number         4  control.o(.text.Get_Velocity_From_Encoder)
    __arm_cp.0_4                             0x0000144c   Number         4  control.o(.text.Get_Velocity_From_Encoder)
    __arm_cp.0_5                             0x00001450   Number         4  control.o(.text.Get_Velocity_From_Encoder)
    __arm_cp.0_6                             0x00001454   Number         4  control.o(.text.Get_Velocity_From_Encoder)
    __arm_cp.0_7                             0x00001458   Number         4  control.o(.text.Get_Velocity_From_Encoder)
    __arm_cp.0_8                             0x0000145c   Number         4  control.o(.text.Get_Velocity_From_Encoder)
    [Anonymous Symbol]                       0x00001460   Section        0  control.o(.text.Incremental_PI_Left)
    __arm_cp.3_0                             0x00001530   Number         4  control.o(.text.Incremental_PI_Left)
    __arm_cp.3_3                             0x00001534   Number         4  control.o(.text.Incremental_PI_Left)
    __arm_cp.3_5                             0x00001538   Number         4  control.o(.text.Incremental_PI_Left)
    [Anonymous Symbol]                       0x0000153c   Section        0  control.o(.text.Incremental_PI_Right)
    __arm_cp.4_0                             0x0000160c   Number         4  control.o(.text.Incremental_PI_Right)
    __arm_cp.4_1                             0x00001610   Number         4  control.o(.text.Incremental_PI_Right)
    __arm_cp.4_2                             0x00001614   Number         4  control.o(.text.Incremental_PI_Right)
    __arm_cp.4_3                             0x00001618   Number         4  control.o(.text.Incremental_PI_Right)
    __arm_cp.4_4                             0x0000161c   Number         4  control.o(.text.Incremental_PI_Right)
    __arm_cp.4_5                             0x00001620   Number         4  control.o(.text.Incremental_PI_Right)
    __arm_cp.4_6                             0x00001624   Number         4  control.o(.text.Incremental_PI_Right)
    __arm_cp.4_7                             0x00001628   Number         4  control.o(.text.Incremental_PI_Right)
    [Anonymous Symbol]                       0x0000162c   Section        0  user.o(.text.Key)
    __arm_cp.4_0                             0x00001678   Number         4  user.o(.text.Key)
    __arm_cp.4_1                             0x0000167c   Number         4  user.o(.text.Key)
    __arm_cp.4_2                             0x00001680   Number         4  user.o(.text.Key)
    [Anonymous Symbol]                       0x00001684   Section        0  led.o(.text.LED_Flash)
    __arm_cp.6_0                             0x000016c4   Number         4  led.o(.text.LED_Flash)
    [Anonymous Symbol]                       0x000016c8   Section        0  led.o(.text.LED_ON)
    [Anonymous Symbol]                       0x000016d8   Section        0  led.o(.text.LED_Toggle)
    __arm_cp.4_0                             0x000016e8   Number         4  led.o(.text.LED_Toggle)
    [Anonymous Symbol]                       0x000016ec   Section        0  oled.o(.text.OLED_Clear)
    [Anonymous Symbol]                       0x00001748   Section        0  oled.o(.text.OLED_DrawPoint)
    [Anonymous Symbol]                       0x000017d4   Section        0  oled.o(.text.OLED_Init)
    [Anonymous Symbol]                       0x000018b8   Section        0  oled.o(.text.OLED_RST_Clr)
    [Anonymous Symbol]                       0x000018c8   Section        0  oled.o(.text.OLED_RST_Set)
    [Anonymous Symbol]                       0x000018d8   Section        0  oled.o(.text.OLED_RS_Clr)
    [Anonymous Symbol]                       0x000018e8   Section        0  oled.o(.text.OLED_RS_Set)
    __arm_cp.2_0                             0x000018f8   Number         4  oled.o(.text.OLED_RS_Set)
    [Anonymous Symbol]                       0x000018fc   Section        0  oled.o(.text.OLED_Refresh_Gram)
    __arm_cp.0_0                             0x00001974   Number         4  oled.o(.text.OLED_Refresh_Gram)
    [Anonymous Symbol]                       0x00001978   Section        0  oled.o(.text.OLED_SCLK_Clr)
    [Anonymous Symbol]                       0x00001988   Section        0  oled.o(.text.OLED_SCLK_Set)
    [Anonymous Symbol]                       0x00001998   Section        0  oled.o(.text.OLED_SDIN_Clr)
    [Anonymous Symbol]                       0x000019a8   Section        0  oled.o(.text.OLED_SDIN_Set)
    __arm_cp.5_0                             0x000019b8   Number         4  oled.o(.text.OLED_SDIN_Set)
    [Anonymous Symbol]                       0x000019bc   Section        0  oled.o(.text.OLED_ShowChar)
    __arm_cp.12_0                            0x00001ac8   Number         4  oled.o(.text.OLED_ShowChar)
    __arm_cp.12_1                            0x00001acc   Number         4  oled.o(.text.OLED_ShowChar)
    [Anonymous Symbol]                       0x00001ad0   Section        0  oled.o(.text.OLED_ShowNumber)
    [Anonymous Symbol]                       0x00001bac   Section        0  oled.o(.text.OLED_ShowString)
    [Anonymous Symbol]                       0x00001c26   Section        0  oled.o(.text.OLED_WR_Byte)
    [Anonymous Symbol]                       0x00001c94   Section        0  control.o(.text.PWM_Limit)
    [Anonymous Symbol]                       0x00001cd0   Section        0  ti_msp_dl_config.o(.text.SYSCFG_DL_GPIO_init)
    __arm_cp.2_2                             0x00001e20   Number         4  ti_msp_dl_config.o(.text.SYSCFG_DL_GPIO_init)
    __arm_cp.2_3                             0x00001e24   Number         4  ti_msp_dl_config.o(.text.SYSCFG_DL_GPIO_init)
    __arm_cp.2_4                             0x00001e28   Number         4  ti_msp_dl_config.o(.text.SYSCFG_DL_GPIO_init)
    [Anonymous Symbol]                       0x00001e2c   Section        0  ti_msp_dl_config.o(.text.SYSCFG_DL_PWM_0_init)
    __arm_cp.4_0                             0x00001ea0   Number         4  ti_msp_dl_config.o(.text.SYSCFG_DL_PWM_0_init)
    __arm_cp.4_2                             0x00001ea4   Number         4  ti_msp_dl_config.o(.text.SYSCFG_DL_PWM_0_init)
    [Anonymous Symbol]                       0x00001ea8   Section        0  ti_msp_dl_config.o(.text.SYSCFG_DL_SYSCTL_init)
    __arm_cp.3_0                             0x00001eec   Number         4  ti_msp_dl_config.o(.text.SYSCFG_DL_SYSCTL_init)
    [Anonymous Symbol]                       0x00001ef0   Section        0  ti_msp_dl_config.o(.text.SYSCFG_DL_SYSTICK_init)
    [Anonymous Symbol]                       0x00001f00   Section        0  ti_msp_dl_config.o(.text.SYSCFG_DL_TIMER_0_init)
    __arm_cp.5_0                             0x00001f28   Number         4  ti_msp_dl_config.o(.text.SYSCFG_DL_TIMER_0_init)
    __arm_cp.5_2                             0x00001f2c   Number         4  ti_msp_dl_config.o(.text.SYSCFG_DL_TIMER_0_init)
    [Anonymous Symbol]                       0x00001f30   Section        0  ti_msp_dl_config.o(.text.SYSCFG_DL_UART_0_init)
    __arm_cp.6_0                             0x00001f80   Number         4  ti_msp_dl_config.o(.text.SYSCFG_DL_UART_0_init)
    __arm_cp.6_2                             0x00001f84   Number         4  ti_msp_dl_config.o(.text.SYSCFG_DL_UART_0_init)
    [Anonymous Symbol]                       0x00001f88   Section        0  ti_msp_dl_config.o(.text.SYSCFG_DL_init)
    __arm_cp.0_0                             0x00001fb0   Number         4  ti_msp_dl_config.o(.text.SYSCFG_DL_init)
    [Anonymous Symbol]                       0x00001fb4   Section        0  ti_msp_dl_config.o(.text.SYSCFG_DL_initPower)
    __arm_cp.1_1                             0x00002008   Number         4  ti_msp_dl_config.o(.text.SYSCFG_DL_initPower)
    __arm_cp.1_4                             0x0000200c   Number         4  ti_msp_dl_config.o(.text.SYSCFG_DL_initPower)
    [Anonymous Symbol]                       0x00002010   Section        0  motor.o(.text.Set_PWM)
    __arm_cp.1_0                             0x00002114   Number         4  motor.o(.text.Set_PWM)
    __arm_cp.1_1                             0x00002118   Number         4  motor.o(.text.Set_PWM)
    [Anonymous Symbol]                       0x0000211c   Section        0  bsp_systick.o(.text.Systick_getTick)
    __arm_cp.0_0                             0x00002124   Number         4  bsp_systick.o(.text.Systick_getTick)
    [Anonymous Symbol]                       0x00002128   Section        0  user.o(.text.TIMG0_IRQHandler)
    __arm_cp.5_0                             0x000021a8   Number         4  user.o(.text.TIMG0_IRQHandler)
    __arm_cp.5_1                             0x000021ac   Number         4  user.o(.text.TIMG0_IRQHandler)
    __arm_cp.5_2                             0x000021b0   Number         4  user.o(.text.TIMG0_IRQHandler)
    __arm_cp.5_3                             0x000021b4   Number         4  user.o(.text.TIMG0_IRQHandler)
    __arm_cp.5_4                             0x000021b8   Number         4  user.o(.text.TIMG0_IRQHandler)
    __NVIC_ClearPendingIRQ                   0x000021bd   Thumb Code    40  user.o(.text.__NVIC_ClearPendingIRQ)
    [Anonymous Symbol]                       0x000021bc   Section        0  user.o(.text.__NVIC_ClearPendingIRQ)
    __arm_cp.1_0                             0x000021e4   Number         4  user.o(.text.__NVIC_ClearPendingIRQ)
    __NVIC_EnableIRQ                         0x000021e9   Thumb Code    40  user.o(.text.__NVIC_EnableIRQ)
    [Anonymous Symbol]                       0x000021e8   Section        0  user.o(.text.__NVIC_EnableIRQ)
    __arm_cp.2_0                             0x00002210   Number         4  user.o(.text.__NVIC_EnableIRQ)
    __NVIC_SetPriority                       0x00002215   Thumb Code   124  ti_msp_dl_config.o(.text.__NVIC_SetPriority)
    [Anonymous Symbol]                       0x00002214   Section        0  ti_msp_dl_config.o(.text.__NVIC_SetPriority)
    __arm_cp.35_0                            0x00002290   Number         4  ti_msp_dl_config.o(.text.__NVIC_SetPriority)
    __arm_cp.35_1                            0x00002294   Number         4  ti_msp_dl_config.o(.text.__NVIC_SetPriority)
    [Anonymous Symbol]                       0x00002298   Section        0  key.o(.text.click_N_Double)
    __arm_cp.0_0                             0x000023ac   Number         4  key.o(.text.click_N_Double)
    __arm_cp.0_1                             0x000023b0   Number         4  key.o(.text.click_N_Double)
    __arm_cp.0_2                             0x000023b4   Number         4  key.o(.text.click_N_Double)
    __arm_cp.0_3                             0x000023b8   Number         4  key.o(.text.click_N_Double)
    __arm_cp.0_4                             0x000023bc   Number         4  key.o(.text.click_N_Double)
    __arm_cp.0_5                             0x000023c0   Number         4  key.o(.text.click_N_Double)
    [Anonymous Symbol]                       0x000023c4   Section        0  bsp_systick.o(.text.delay_ms)
    [Anonymous Symbol]                       0x000023e8   Section        0  bsp_systick.o(.text.delay_us)
    __arm_cp.2_0                             0x0000246c   Number         4  bsp_systick.o(.text.delay_us)
    __arm_cp.2_1                             0x00002470   Number         4  bsp_systick.o(.text.delay_us)
    __arm_cp.2_2                             0x00002474   Number         4  bsp_systick.o(.text.delay_us)
    [Anonymous Symbol]                       0x00002478   Section        0  bsp_printf.o(.text.fputc)
    __arm_cp.2_0                             0x000024a0   Number         4  bsp_printf.o(.text.fputc)
    [Anonymous Symbol]                       0x000024a4   Section        0  empty.o(.text.main)
    [Anonymous Symbol]                       0x000024bc   Section        0  control.o(.text.myabs)
    [Anonymous Symbol]                       0x000024dc   Section        0  oled.o(.text.oled_pow)
    [Anonymous Symbol]                       0x0000250c   Section        0  show.o(.text.oled_show)
    __arm_cp.0_0                             0x000027b8   Number         4  show.o(.text.oled_show)
    __arm_cp.0_1                             0x000027bc   Number         4  show.o(.text.oled_show)
    __arm_cp.0_2                             0x000027c0   Number         4  show.o(.text.oled_show)
    __arm_cp.0_3                             0x000027c4   Number         4  show.o(.text.oled_show)
    __arm_cp.0_4                             0x000027c8   Number         4  show.o(.text.oled_show)
    __arm_cp.0_6                             0x000027cc   Number         4  show.o(.text.oled_show)
    __arm_cp.0_8                             0x000027d0   Number         4  show.o(.text.oled_show)
    __arm_cp.0_9                             0x000027d4   Number         4  show.o(.text.oled_show)
    __arm_cp.0_10                            0x000027d8   Number         4  show.o(.text.oled_show)
    __arm_cp.0_11                            0x000027dc   Number         4  show.o(.text.oled_show)
    __arm_cp.0_12                            0x000027e0   Number         4  show.o(.text.oled_show)
    __arm_cp.0_13                            0x000027e4   Number         4  show.o(.text.oled_show)
    __arm_cp.0_15                            0x000027e8   Number         4  show.o(.text.oled_show)
    __arm_cp.0_16                            0x000027ec   Number         4  show.o(.text.oled_show)
    [Anonymous Symbol]                       0x000027f0   Section        0  user.o(.text.user_init)
    __arm_cp.0_0                             0x00002844   Number         4  user.o(.text.user_init)
    __arm_cp.0_1                             0x00002848   Number         4  user.o(.text.user_init)
    __arm_cp.0_2                             0x0000284c   Number         4  user.o(.text.user_init)
    __arm_cp.0_3                             0x00002850   Number         4  user.o(.text.user_init)
    [Anonymous Symbol]                       0x00002854   Section        0  user.o(.text.user_main)
    __arm_cp.3_0                             0x000028c0   Number         4  user.o(.text.user_main)
    __arm_cp.3_1                             0x000028c4   Number         4  user.o(.text.user_main)
    __arm_cp.3_2                             0x000028c8   Number         4  user.o(.text.user_main)
    __arm_cp.3_3                             0x000028cc   Number         4  user.o(.text.user_main)
    __arm_cp.3_4                             0x000028d0   Number         4  user.o(.text.user_main)
    __arm_cp.3_5                             0x000028d4   Number         4  user.o(.text.user_main)
    __arm_cp.3_6                             0x000028d8   Number         4  user.o(.text.user_main)
    i.__0printf                              0x000028dc   Section        0  printfa.o(i.__0printf)
    i.__ARM_clz                              0x000028fc   Section        0  depilogue.o(i.__ARM_clz)
    i.__scatterload_copy                     0x00002930   Section       14  handlers.o(i.__scatterload_copy)
    i.__scatterload_null                     0x00002940   Section        2  handlers.o(i.__scatterload_null)
    i.__scatterload_zeroinit                 0x00002948   Section       14  handlers.o(i.__scatterload_zeroinit)
    _fp_digits                               0x00002959   Thumb Code   344  printfa.o(i._fp_digits)
    i._fp_digits                             0x00002958   Section        0  printfa.o(i._fp_digits)
    _printf_core                             0x00002acd   Thumb Code  1754  printfa.o(i._printf_core)
    i._printf_core                           0x00002acc   Section        0  printfa.o(i._printf_core)
    _printf_post_padding                     0x000031b9   Thumb Code    32  printfa.o(i._printf_post_padding)
    i._printf_post_padding                   0x000031b8   Section        0  printfa.o(i._printf_post_padding)
    _printf_pre_padding                      0x000031d9   Thumb Code    44  printfa.o(i._printf_pre_padding)
    i._printf_pre_padding                    0x000031d8   Section        0  printfa.o(i._printf_pre_padding)
    gPWM_0ClockConfig                        0x00003204   Data           3  ti_msp_dl_config.o(.rodata.gPWM_0ClockConfig)
    [Anonymous Symbol]                       0x00003204   Section        0  ti_msp_dl_config.o(.rodata.gPWM_0ClockConfig)
    gPWM_0Config                             0x00003208   Data           8  ti_msp_dl_config.o(.rodata.gPWM_0Config)
    [Anonymous Symbol]                       0x00003208   Section        0  ti_msp_dl_config.o(.rodata.gPWM_0Config)
    gSYSPLLConfig                            0x00003210   Data          40  ti_msp_dl_config.o(.rodata.gSYSPLLConfig)
    [Anonymous Symbol]                       0x00003210   Section        0  ti_msp_dl_config.o(.rodata.gSYSPLLConfig)
    gTIMER_0ClockConfig                      0x00003238   Data           3  ti_msp_dl_config.o(.rodata.gTIMER_0ClockConfig)
    [Anonymous Symbol]                       0x00003238   Section        0  ti_msp_dl_config.o(.rodata.gTIMER_0ClockConfig)
    gTIMER_0TimerConfig                      0x0000323c   Data          20  ti_msp_dl_config.o(.rodata.gTIMER_0TimerConfig)
    [Anonymous Symbol]                       0x0000323c   Section        0  ti_msp_dl_config.o(.rodata.gTIMER_0TimerConfig)
    gUART_0ClockConfig                       0x00003250   Data           2  ti_msp_dl_config.o(.rodata.gUART_0ClockConfig)
    [Anonymous Symbol]                       0x00003250   Section        0  ti_msp_dl_config.o(.rodata.gUART_0ClockConfig)
    gUART_0Config                            0x00003252   Data          10  ti_msp_dl_config.o(.rodata.gUART_0Config)
    [Anonymous Symbol]                       0x00003252   Section        0  ti_msp_dl_config.o(.rodata.gUART_0Config)
    [Anonymous Symbol]                       0x00003cc0   Section        0  user.o(.rodata.str1.1)
    [Anonymous Symbol]                       0x00003ce1   Section        0  show.o(.rodata.str1.1)
    .data                                    0x20200000   Section        4  stdout.o(.data)
    Get_Velocity_From_Encoder.Filtered_SpeedA 0x20200020   Data           4  control.o(.bss.Get_Velocity_From_Encoder.Filtered_SpeedA)
    [Anonymous Symbol]                       0x20200020   Section        0  control.o(.bss.Get_Velocity_From_Encoder.Filtered_SpeedA)
    Get_Velocity_From_Encoder.Filtered_SpeedB 0x20200024   Data           4  control.o(.bss.Get_Velocity_From_Encoder.Filtered_SpeedB)
    [Anonymous Symbol]                       0x20200024   Section        0  control.o(.bss.Get_Velocity_From_Encoder.Filtered_SpeedB)
    Incremental_PI_Left.Bias                 0x20200028   Data           4  control.o(.bss.Incremental_PI_Left.Bias)
    [Anonymous Symbol]                       0x20200028   Section        0  control.o(.bss.Incremental_PI_Left.Bias)
    Incremental_PI_Left.Last_bias            0x2020002c   Data           4  control.o(.bss.Incremental_PI_Left.Last_bias)
    [Anonymous Symbol]                       0x2020002c   Section        0  control.o(.bss.Incremental_PI_Left.Last_bias)
    Incremental_PI_Left.Pwm                  0x20200030   Data           4  control.o(.bss.Incremental_PI_Left.Pwm)
    [Anonymous Symbol]                       0x20200030   Section        0  control.o(.bss.Incremental_PI_Left.Pwm)
    Incremental_PI_Right.Bias                0x20200034   Data           4  control.o(.bss.Incremental_PI_Right.Bias)
    [Anonymous Symbol]                       0x20200034   Section        0  control.o(.bss.Incremental_PI_Right.Bias)
    Incremental_PI_Right.Last_bias           0x20200038   Data           4  control.o(.bss.Incremental_PI_Right.Last_bias)
    [Anonymous Symbol]                       0x20200038   Section        0  control.o(.bss.Incremental_PI_Right.Last_bias)
    Incremental_PI_Right.Pwm                 0x2020003c   Data           4  control.o(.bss.Incremental_PI_Right.Pwm)
    [Anonymous Symbol]                       0x2020003c   Section        0  control.o(.bss.Incremental_PI_Right.Pwm)
    LED_Flash.temp                           0x20200040   Data           2  led.o(.bss.LED_Flash.temp)
    [Anonymous Symbol]                       0x20200040   Section        0  led.o(.bss.LED_Flash.temp)
    click_N_Double.Forever_count             0x2020046c   Data           2  key.o(.bss.click_N_Double.Forever_count)
    [Anonymous Symbol]                       0x2020046c   Section        0  key.o(.bss.click_N_Double.Forever_count)
    click_N_Double.count_key                 0x2020046e   Data           1  key.o(.bss.click_N_Double.count_key)
    [Anonymous Symbol]                       0x2020046e   Section        0  key.o(.bss.click_N_Double.count_key)
    click_N_Double.count_single              0x20200470   Data           2  key.o(.bss.click_N_Double.count_single)
    [Anonymous Symbol]                       0x20200470   Section        0  key.o(.bss.click_N_Double.count_single)
    click_N_Double.double_key                0x20200472   Data           1  key.o(.bss.click_N_Double.double_key)
    [Anonymous Symbol]                       0x20200472   Section        0  key.o(.bss.click_N_Double.double_key)
    click_N_Double.flag_key                  0x20200473   Data           1  key.o(.bss.click_N_Double.flag_key)
    [Anonymous Symbol]                       0x20200473   Section        0  key.o(.bss.click_N_Double.flag_key)
    user_main.last_oled_tick                 0x20200538   Data           4  user.o(.bss.user_main.last_oled_tick)
    [Anonymous Symbol]                       0x20200538   Section        0  user.o(.bss.user_main.last_oled_tick)
    user_main.last_printf_tick               0x2020053c   Data           4  user.o(.bss.user_main.last_printf_tick)
    [Anonymous Symbol]                       0x2020053c   Section        0  user.o(.bss.user_main.last_printf_tick)
    STACK                                    0x20200540   Section     4096  startup_mspm0g350x_uvision.o(STACK)

    Global Symbols

    Symbol Name                              Value     Ov Type        Size  Object(Section)

    BuildAttributes$$THM_ISAv3M$S$PE$A:L22$X:L11$S22$IEEE1$IW$~IW$USESV6$~STKCKD$USESV7$~SHL$OTIME$ROPI$EBA8$MICROLIB$REQ8$PRES8$EABIv2 0x00000000   Number         0  anon$$obj.o ABSOLUTE
    __Vectors                                0x00000000   Data           4  startup_mspm0g350x_uvision.o(RESET)
    __cpp_initialize__aeabi_                  - Undefined Weak Reference
    __cxa_finalize                            - Undefined Weak Reference
    __decompress                              - Undefined Weak Reference
    _clock_init                               - Undefined Weak Reference
    _microlib_exit                            - Undefined Weak Reference
    __Vectors_End                            0x000000c0   Data           0  startup_mspm0g350x_uvision.o(RESET)
    __Vectors_Size                           0x000000c0   Number         0  startup_mspm0g350x_uvision.o ABSOLUTE
    __main                                   0x000000c1   Thumb Code     0  entry.o(.ARM.Collect$$$$00000000)
    _main_stk                                0x000000c1   Thumb Code     0  entry2.o(.ARM.Collect$$$$00000001)
    _main_scatterload                        0x000000c5   Thumb Code     0  entry5.o(.ARM.Collect$$$$00000004)
    __main_after_scatterload                 0x000000c9   Thumb Code     0  entry5.o(.ARM.Collect$$$$00000004)
    _main_clock                              0x000000c9   Thumb Code     0  entry7b.o(.ARM.Collect$$$$00000008)
    _main_cpp_init                           0x000000c9   Thumb Code     0  entry8b.o(.ARM.Collect$$$$0000000A)
    _main_init                               0x000000c9   Thumb Code     0  entry9a.o(.ARM.Collect$$$$0000000B)
    __rt_final_cpp                           0x000000d1   Thumb Code     0  entry10a.o(.ARM.Collect$$$$0000000D)
    __rt_final_exit                          0x000000d1   Thumb Code     0  entry11a.o(.ARM.Collect$$$$0000000F)
    Reset_Handler                            0x000000d5   Thumb Code     4  startup_mspm0g350x_uvision.o(.text)
    NMI_Handler                              0x000000d9   Thumb Code     2  startup_mspm0g350x_uvision.o(.text)
    HardFault_Handler                        0x000000db   Thumb Code     2  startup_mspm0g350x_uvision.o(.text)
    SVC_Handler                              0x000000dd   Thumb Code     2  startup_mspm0g350x_uvision.o(.text)
    PendSV_Handler                           0x000000df   Thumb Code     2  startup_mspm0g350x_uvision.o(.text)
    SysTick_Handler                          0x000000e1   Thumb Code     2  startup_mspm0g350x_uvision.o(.text)
    ADC0_IRQHandler                          0x000000e3   Thumb Code     0  startup_mspm0g350x_uvision.o(.text)
    ADC1_IRQHandler                          0x000000e3   Thumb Code     0  startup_mspm0g350x_uvision.o(.text)
    AES_IRQHandler                           0x000000e3   Thumb Code     0  startup_mspm0g350x_uvision.o(.text)
    CANFD0_IRQHandler                        0x000000e3   Thumb Code     0  startup_mspm0g350x_uvision.o(.text)
    DAC0_IRQHandler                          0x000000e3   Thumb Code     0  startup_mspm0g350x_uvision.o(.text)
    DMA_IRQHandler                           0x000000e3   Thumb Code     0  startup_mspm0g350x_uvision.o(.text)
    Default_Handler                          0x000000e3   Thumb Code     2  startup_mspm0g350x_uvision.o(.text)
    GROUP0_IRQHandler                        0x000000e3   Thumb Code     0  startup_mspm0g350x_uvision.o(.text)
    I2C0_IRQHandler                          0x000000e3   Thumb Code     0  startup_mspm0g350x_uvision.o(.text)
    I2C1_IRQHandler                          0x000000e3   Thumb Code     0  startup_mspm0g350x_uvision.o(.text)
    RTC_IRQHandler                           0x000000e3   Thumb Code     0  startup_mspm0g350x_uvision.o(.text)
    SPI0_IRQHandler                          0x000000e3   Thumb Code     0  startup_mspm0g350x_uvision.o(.text)
    SPI1_IRQHandler                          0x000000e3   Thumb Code     0  startup_mspm0g350x_uvision.o(.text)
    TIMA0_IRQHandler                         0x000000e3   Thumb Code     0  startup_mspm0g350x_uvision.o(.text)
    TIMA1_IRQHandler                         0x000000e3   Thumb Code     0  startup_mspm0g350x_uvision.o(.text)
    TIMG12_IRQHandler                        0x000000e3   Thumb Code     0  startup_mspm0g350x_uvision.o(.text)
    TIMG6_IRQHandler                         0x000000e3   Thumb Code     0  startup_mspm0g350x_uvision.o(.text)
    TIMG7_IRQHandler                         0x000000e3   Thumb Code     0  startup_mspm0g350x_uvision.o(.text)
    TIMG8_IRQHandler                         0x000000e3   Thumb Code     0  startup_mspm0g350x_uvision.o(.text)
    UART0_IRQHandler                         0x000000e3   Thumb Code     0  startup_mspm0g350x_uvision.o(.text)
    UART1_IRQHandler                         0x000000e3   Thumb Code     0  startup_mspm0g350x_uvision.o(.text)
    UART2_IRQHandler                         0x000000e3   Thumb Code     0  startup_mspm0g350x_uvision.o(.text)
    UART3_IRQHandler                         0x000000e3   Thumb Code     0  startup_mspm0g350x_uvision.o(.text)
    __aeabi_memset                           0x000000e9   Thumb Code    14  memseta.o(.text)
    __aeabi_memset4                          0x000000e9   Thumb Code     0  memseta.o(.text)
    __aeabi_memset8                          0x000000e9   Thumb Code     0  memseta.o(.text)
    __aeabi_memclr                           0x000000f7   Thumb Code     4  memseta.o(.text)
    __aeabi_memclr4                          0x000000f7   Thumb Code     0  memseta.o(.text)
    __aeabi_memclr8                          0x000000f7   Thumb Code     0  memseta.o(.text)
    _memset$wrapper                          0x000000fb   Thumb Code    18  memseta.o(.text)
    __aeabi_fadd                             0x0000010d   Thumb Code   162  fadd.o(.text)
    __aeabi_fsub                             0x000001af   Thumb Code     8  fadd.o(.text)
    __aeabi_frsub                            0x000001b7   Thumb Code     8  fadd.o(.text)
    __aeabi_fmul                             0x000001bf   Thumb Code   122  fmul.o(.text)
    __aeabi_dmul                             0x00000239   Thumb Code   202  dmul.o(.text)
    __aeabi_ddiv                             0x00000309   Thumb Code   234  ddiv.o(.text)
    __aeabi_fcmple                           0x000003f9   Thumb Code    28  fcmple.o(.text)
    __aeabi_fcmplt                           0x00000415   Thumb Code    28  fcmplt.o(.text)
    __aeabi_fcmpge                           0x00000431   Thumb Code    28  fcmpge.o(.text)
    __aeabi_i2f                              0x0000044d   Thumb Code    22  fflti.o(.text)
    __aeabi_f2iz                             0x00000463   Thumb Code    50  ffixi.o(.text)
    __aeabi_f2d                              0x00000495   Thumb Code    40  f2d.o(.text)
    __aeabi_d2f                              0x000004bd   Thumb Code    56  d2f.o(.text)
    __aeabi_uidiv                            0x000004f5   Thumb Code     0  uidiv_div0.o(.text)
    __aeabi_uidivmod                         0x000004f5   Thumb Code    62  uidiv_div0.o(.text)
    __aeabi_uldivmod                         0x00000533   Thumb Code    96  uldiv.o(.text)
    __I$use$fp                               0x00000593   Thumb Code     0  iusefp.o(.text)
    _float_round                             0x00000593   Thumb Code    16  fepilogue.o(.text)
    _float_epilogue                          0x000005a3   Thumb Code   114  fepilogue.o(.text)
    _double_round                            0x00000615   Thumb Code    26  depilogue.o(.text)
    _double_epilogue                         0x0000062f   Thumb Code   164  depilogue.o(.text)
    __aeabi_dadd                             0x000006d5   Thumb Code   328  dadd.o(.text)
    __aeabi_dsub                             0x0000081d   Thumb Code    12  dadd.o(.text)
    __aeabi_drsub                            0x00000829   Thumb Code    12  dadd.o(.text)
    __aeabi_d2ulz                            0x00000839   Thumb Code    54  dfixul.o(.text)
    __aeabi_cdrcmple                         0x00000879   Thumb Code    38  cdrcmple.o(.text)
    __scatterload                            0x000008a1   Thumb Code    38  init.o(.text)
    __scatterload_rt2                        0x000008a1   Thumb Code     0  init.o(.text)
    __aeabi_llsl                             0x000008d1   Thumb Code    32  llshl.o(.text)
    _ll_shift_l                              0x000008d1   Thumb Code     0  llshl.o(.text)
    __aeabi_llsr                             0x000008f1   Thumb Code    34  llushr.o(.text)
    _ll_ushift_r                             0x000008f1   Thumb Code     0  llushr.o(.text)
    __aeabi_lasr                             0x00000913   Thumb Code    38  llsshr.o(.text)
    _ll_sshift_r                             0x00000913   Thumb Code     0  llsshr.o(.text)
    DL_Common_delayCycles                    0x00000939   Thumb Code    10  dl_common.o(.text.DL_Common_delayCycles)
    DL_SYSCTL_configSYSPLL                   0x00000bed   Thumb Code   192  dl_sysctl_mspm0g1x0x_g3x0x.o(.text.DL_SYSCTL_configSYSPLL)
    DL_SYSCTL_switchMCLKfromSYSOSCtoHSCLK    0x00000d35   Thumb Code    40  dl_sysctl_mspm0g1x0x_g3x0x.o(.text.DL_SYSCTL_switchMCLKfromSYSOSCtoHSCLK)
    DL_TimerA_initPWMMode                    0x00000d91   Thumb Code   116  dl_timer.o(.text.DL_TimerA_initPWMMode)
    DL_Timer_initPWMMode                     0x00000e59   Thumb Code   192  dl_timer.o(.text.DL_Timer_initPWMMode)
    DL_Timer_initTimerMode                   0x00000f19   Thumb Code   240  dl_timer.o(.text.DL_Timer_initTimerMode)
    DL_Timer_setCaptCompUpdateMethod         0x0000102d   Thumb Code    28  dl_timer.o(.text.DL_Timer_setCaptCompUpdateMethod)
    DL_Timer_setCaptureCompareOutCtl         0x00001049   Thumb Code    24  dl_timer.o(.text.DL_Timer_setCaptureCompareOutCtl)
    DL_Timer_setCaptureCompareValue          0x00001061   Thumb Code    16  dl_timer.o(.text.DL_Timer_setCaptureCompareValue)
    DL_Timer_setClockConfig                  0x00001071   Thumb Code    24  dl_timer.o(.text.DL_Timer_setClockConfig)
    DL_UART_init                             0x000010e5   Thumb Code    72  dl_uart.o(.text.DL_UART_init)
    DL_UART_setClockConfig                   0x000011a9   Thumb Code    18  dl_uart.o(.text.DL_UART_setClockConfig)
    DL_UART_transmitDataBlocking             0x00001225   Thumb Code    20  dl_uart.o(.text.DL_UART_transmitDataBlocking)
    GROUP1_IRQHandler                        0x00001239   Thumb Code     8  user.o(.text.GROUP1_IRQHandler)
    Get_Encoder                              0x00001241   Thumb Code   264  encoder.o(.text.Get_Encoder)
    Get_Velocity_From_Encoder                0x00001361   Thumb Code   220  control.o(.text.Get_Velocity_From_Encoder)
    Incremental_PI_Left                      0x00001461   Thumb Code   208  control.o(.text.Incremental_PI_Left)
    Incremental_PI_Right                     0x0000153d   Thumb Code   208  control.o(.text.Incremental_PI_Right)
    Key                                      0x0000162d   Thumb Code    76  user.o(.text.Key)
    LED_Flash                                0x00001685   Thumb Code    64  led.o(.text.LED_Flash)
    LED_ON                                   0x000016c9   Thumb Code    16  led.o(.text.LED_ON)
    LED_Toggle                               0x000016d9   Thumb Code    16  led.o(.text.LED_Toggle)
    OLED_Clear                               0x000016ed   Thumb Code    92  oled.o(.text.OLED_Clear)
    OLED_DrawPoint                           0x00001749   Thumb Code   140  oled.o(.text.OLED_DrawPoint)
    OLED_Init                                0x000017d5   Thumb Code   228  oled.o(.text.OLED_Init)
    OLED_RST_Clr                             0x000018b9   Thumb Code    16  oled.o(.text.OLED_RST_Clr)
    OLED_RST_Set                             0x000018c9   Thumb Code    16  oled.o(.text.OLED_RST_Set)
    OLED_RS_Clr                              0x000018d9   Thumb Code    16  oled.o(.text.OLED_RS_Clr)
    OLED_RS_Set                              0x000018e9   Thumb Code    16  oled.o(.text.OLED_RS_Set)
    OLED_Refresh_Gram                        0x000018fd   Thumb Code   120  oled.o(.text.OLED_Refresh_Gram)
    OLED_SCLK_Clr                            0x00001979   Thumb Code    16  oled.o(.text.OLED_SCLK_Clr)
    OLED_SCLK_Set                            0x00001989   Thumb Code    16  oled.o(.text.OLED_SCLK_Set)
    OLED_SDIN_Clr                            0x00001999   Thumb Code    16  oled.o(.text.OLED_SDIN_Clr)
    OLED_SDIN_Set                            0x000019a9   Thumb Code    16  oled.o(.text.OLED_SDIN_Set)
    OLED_ShowChar                            0x000019bd   Thumb Code   268  oled.o(.text.OLED_ShowChar)
    OLED_ShowNumber                          0x00001ad1   Thumb Code   220  oled.o(.text.OLED_ShowNumber)
    OLED_ShowString                          0x00001bad   Thumb Code   122  oled.o(.text.OLED_ShowString)
    OLED_WR_Byte                             0x00001c27   Thumb Code   110  oled.o(.text.OLED_WR_Byte)
    PWM_Limit                                0x00001c95   Thumb Code    60  control.o(.text.PWM_Limit)
    SYSCFG_DL_GPIO_init                      0x00001cd1   Thumb Code   336  ti_msp_dl_config.o(.text.SYSCFG_DL_GPIO_init)
    SYSCFG_DL_PWM_0_init                     0x00001e2d   Thumb Code   116  ti_msp_dl_config.o(.text.SYSCFG_DL_PWM_0_init)
    SYSCFG_DL_SYSCTL_init                    0x00001ea9   Thumb Code    68  ti_msp_dl_config.o(.text.SYSCFG_DL_SYSCTL_init)
    SYSCFG_DL_SYSTICK_init                   0x00001ef1   Thumb Code    16  ti_msp_dl_config.o(.text.SYSCFG_DL_SYSTICK_init)
    SYSCFG_DL_TIMER_0_init                   0x00001f01   Thumb Code    40  ti_msp_dl_config.o(.text.SYSCFG_DL_TIMER_0_init)
    SYSCFG_DL_UART_0_init                    0x00001f31   Thumb Code    80  ti_msp_dl_config.o(.text.SYSCFG_DL_UART_0_init)
    SYSCFG_DL_init                           0x00001f89   Thumb Code    40  ti_msp_dl_config.o(.text.SYSCFG_DL_init)
    SYSCFG_DL_initPower                      0x00001fb5   Thumb Code    84  ti_msp_dl_config.o(.text.SYSCFG_DL_initPower)
    Set_PWM                                  0x00002011   Thumb Code   260  motor.o(.text.Set_PWM)
    Systick_getTick                          0x0000211d   Thumb Code     8  bsp_systick.o(.text.Systick_getTick)
    TIMG0_IRQHandler                         0x00002129   Thumb Code   128  user.o(.text.TIMG0_IRQHandler)
    click_N_Double                           0x00002299   Thumb Code   276  key.o(.text.click_N_Double)
    delay_ms                                 0x000023c5   Thumb Code    36  bsp_systick.o(.text.delay_ms)
    delay_us                                 0x000023e9   Thumb Code   132  bsp_systick.o(.text.delay_us)
    fputc                                    0x00002479   Thumb Code    40  bsp_printf.o(.text.fputc)
    main                                     0x000024a5   Thumb Code    24  empty.o(.text.main)
    myabs                                    0x000024bd   Thumb Code    32  control.o(.text.myabs)
    oled_pow                                 0x000024dd   Thumb Code    48  oled.o(.text.oled_pow)
    oled_show                                0x0000250d   Thumb Code   684  show.o(.text.oled_show)
    user_init                                0x000027f1   Thumb Code    84  user.o(.text.user_init)
    user_main                                0x00002855   Thumb Code   108  user.o(.text.user_main)
    __0printf                                0x000028dd   Thumb Code    24  printfa.o(i.__0printf)
    __1printf                                0x000028dd   Thumb Code     0  printfa.o(i.__0printf)
    __2printf                                0x000028dd   Thumb Code     0  printfa.o(i.__0printf)
    __c89printf                              0x000028dd   Thumb Code     0  printfa.o(i.__0printf)
    printf                                   0x000028dd   Thumb Code     0  printfa.o(i.__0printf)
    __ARM_clz                                0x000028fd   Thumb Code    46  depilogue.o(i.__ARM_clz)
    __scatterload_copy                       0x00002931   Thumb Code    14  handlers.o(i.__scatterload_copy)
    __scatterload_null                       0x00002941   Thumb Code     2  handlers.o(i.__scatterload_null)
    __scatterload_zeroinit                   0x00002949   Thumb Code    14  handlers.o(i.__scatterload_zeroinit)
    oled_asc2_1206                           0x0000325c   Data        1140  oled.o(.rodata.oled_asc2_1206)
    oled_asc2_1608                           0x000036d0   Data        1520  oled.o(.rodata.oled_asc2_1608)
    Region$$Table$$Base                      0x00003d18   Number         0  anon$$obj.o(Region$$Table)
    Region$$Table$$Limit                     0x00003d38   Number         0  anon$$obj.o(Region$$Table)
    __stdout                                 0x20200000   Data           4  stdout.o(.data)
    Flag_Stop                                0x20200004   Data           4  user.o(.data.Flag_Stop)
    V_PID                                    0x20200008   Data           8  control.o(.data.V_PID)
    Velocity_KI                              0x20200010   Data           4  control.o(.data.Velocity_KI)
    Velocity_KP                              0x20200014   Data           4  control.o(.data.Velocity_KP)
    Get_Encoder_countA                       0x20200018   Data           4  encoder.o(.bss.Get_Encoder_countA)
    Get_Encoder_countB                       0x2020001c   Data           4  encoder.o(.bss.Get_Encoder_countB)
    MotorA                                   0x20200044   Data          16  control.o(.bss.MotorA)
    MotorB                                   0x20200054   Data          16  control.o(.bss.MotorB)
    OLED_GRAM                                0x20200064   Data        1024  oled.o(.bss.OLED_GRAM)
    OriginalEncoder                          0x20200464   Data           8  control.o(.bss.OriginalEncoder)
    gPWM_0Backup                             0x20200474   Data         188  ti_msp_dl_config.o(.bss.gPWM_0Backup)
    gpio_interrup1                           0x20200530   Data           4  encoder.o(.bss.gpio_interrup1)
    gpio_interrup2                           0x20200534   Data           4  encoder.o(.bss.gpio_interrup2)
    __initial_sp                             0x20201540   Data           0  startup_mspm0g350x_uvision.o(STACK)



==============================================================================

Memory Map of the image

  Image Entry point : 0x000000c1

  Load Region LR_IROM1 (Base: 0x00000000, Size: 0x00003d50, Max: 0x00020000, ABSOLUTE)

    Execution Region ER_IROM1 (Exec base: 0x00000000, Load base: 0x00000000, Size: 0x00003d38, Max: 0x00020000, ABSOLUTE)

    Exec Addr    Load Addr    Size         Type   Attr      Idx    E Section Name        Object

    0x00000000   0x00000000   0x000000c0   Data   RO           12    RESET               startup_mspm0g350x_uvision.o
    0x000000c0   0x000000c0   0x00000000   Code   RO          632  * .ARM.Collect$$$$00000000  mc_p.l(entry.o)
    0x000000c0   0x000000c0   0x00000004   Code   RO          696    .ARM.Collect$$$$00000001  mc_p.l(entry2.o)
    0x000000c4   0x000000c4   0x00000004   Code   RO          699    .ARM.Collect$$$$00000004  mc_p.l(entry5.o)
    0x000000c8   0x000000c8   0x00000000   Code   RO          701    .ARM.Collect$$$$00000008  mc_p.l(entry7b.o)
    0x000000c8   0x000000c8   0x00000000   Code   RO          703    .ARM.Collect$$$$0000000A  mc_p.l(entry8b.o)
    0x000000c8   0x000000c8   0x00000008   Code   RO          704    .ARM.Collect$$$$0000000B  mc_p.l(entry9a.o)
    0x000000d0   0x000000d0   0x00000000   Code   RO          706    .ARM.Collect$$$$0000000D  mc_p.l(entry10a.o)
    0x000000d0   0x000000d0   0x00000000   Code   RO          708    .ARM.Collect$$$$0000000F  mc_p.l(entry11a.o)
    0x000000d0   0x000000d0   0x00000004   Code   RO          697    .ARM.Collect$$$$00002712  mc_p.l(entry2.o)
    0x000000d4   0x000000d4   0x00000014   Code   RO           13    .text               startup_mspm0g350x_uvision.o
    0x000000e8   0x000000e8   0x00000024   Code   RO          642    .text               mc_p.l(memseta.o)
    0x0000010c   0x0000010c   0x000000b2   Code   RO          674    .text               mf_p.l(fadd.o)
    0x000001be   0x000001be   0x0000007a   Code   RO          676    .text               mf_p.l(fmul.o)
    0x00000238   0x00000238   0x000000d0   Code   RO          678    .text               mf_p.l(dmul.o)
    0x00000308   0x00000308   0x000000f0   Code   RO          680    .text               mf_p.l(ddiv.o)
    0x000003f8   0x000003f8   0x0000001c   Code   RO          682    .text               mf_p.l(fcmple.o)
    0x00000414   0x00000414   0x0000001c   Code   RO          684    .text               mf_p.l(fcmplt.o)
    0x00000430   0x00000430   0x0000001c   Code   RO          686    .text               mf_p.l(fcmpge.o)
    0x0000044c   0x0000044c   0x00000016   Code   RO          688    .text               mf_p.l(fflti.o)
    0x00000462   0x00000462   0x00000032   Code   RO          690    .text               mf_p.l(ffixi.o)
    0x00000494   0x00000494   0x00000028   Code   RO          692    .text               mf_p.l(f2d.o)
    0x000004bc   0x000004bc   0x00000038   Code   RO          694    .text               mf_p.l(d2f.o)
    0x000004f4   0x000004f4   0x0000003e   Code   RO          714    .text               mc_p.l(uidiv_div0.o)
    0x00000532   0x00000532   0x00000060   Code   RO          720    .text               mc_p.l(uldiv.o)
    0x00000592   0x00000592   0x00000000   Code   RO          722    .text               mc_p.l(iusefp.o)
    0x00000592   0x00000592   0x00000082   Code   RO          723    .text               mf_p.l(fepilogue.o)
    0x00000614   0x00000614   0x000000be   Code   RO          725    .text               mf_p.l(depilogue.o)
    0x000006d2   0x000006d2   0x00000002   PAD
    0x000006d4   0x000006d4   0x00000164   Code   RO          729    .text               mf_p.l(dadd.o)
    0x00000838   0x00000838   0x00000040   Code   RO          731    .text               mf_p.l(dfixul.o)
    0x00000878   0x00000878   0x00000028   Code   RO          733    .text               mf_p.l(cdrcmple.o)
    0x000008a0   0x000008a0   0x00000030   Code   RO          735    .text               mc_p.l(init.o)
    0x000008d0   0x000008d0   0x00000020   Code   RO          737    .text               mc_p.l(llshl.o)
    0x000008f0   0x000008f0   0x00000022   Code   RO          739    .text               mc_p.l(llushr.o)
    0x00000912   0x00000912   0x00000026   Code   RO          741    .text               mc_p.l(llsshr.o)
    0x00000938   0x00000938   0x0000000a   Code   RO          411    .text.DL_Common_delayCycles  driverlib.a(dl_common.o)
    0x00000942   0x00000942   0x00000028   Code   RO          144    .text.DL_Common_updateReg  ti_msp_dl_config.o
    0x0000096a   0x0000096a   0x00000002   PAD
    0x0000096c   0x0000096c   0x00000018   Code   RO           74    .text.DL_GPIO_clearInterruptStatus  ti_msp_dl_config.o
    0x00000984   0x00000984   0x0000001c   Code   RO          358    .text.DL_GPIO_clearInterruptStatus  encoder.o
    0x000009a0   0x000009a0   0x00000014   Code   RO           68    .text.DL_GPIO_clearPins  ti_msp_dl_config.o
    0x000009b4   0x000009b4   0x00000014   Code   RO          266    .text.DL_GPIO_clearPins  oled.o
    0x000009c8   0x000009c8   0x00000014   Code   RO          283    .text.DL_GPIO_clearPins  led.o
    0x000009dc   0x000009dc   0x00000014   Code   RO          332    .text.DL_GPIO_clearPins  motor.o
    0x000009f0   0x000009f0   0x00000018   Code   RO           58    .text.DL_GPIO_enableHiZ  ti_msp_dl_config.o
    0x00000a08   0x00000a08   0x0000001c   Code   RO           76    .text.DL_GPIO_enableInterrupt  ti_msp_dl_config.o
    0x00000a24   0x00000a24   0x00000018   Code   RO           54    .text.DL_GPIO_enableOutput  ti_msp_dl_config.o
    0x00000a3c   0x00000a3c   0x00000018   Code   RO           46    .text.DL_GPIO_enablePower  ti_msp_dl_config.o
    0x00000a54   0x00000a54   0x00000018   Code   RO          354    .text.DL_GPIO_getEnabledInterruptStatus  encoder.o
    0x00000a6c   0x00000a6c   0x00000014   Code   RO           64    .text.DL_GPIO_initDigitalInput  ti_msp_dl_config.o
    0x00000a80   0x00000a80   0x00000030   Code   RO           66    .text.DL_GPIO_initDigitalInputFeatures  ti_msp_dl_config.o
    0x00000ab0   0x00000ab0   0x00000014   Code   RO           62    .text.DL_GPIO_initDigitalOutput  ti_msp_dl_config.o
    0x00000ac4   0x00000ac4   0x00000018   Code   RO           60    .text.DL_GPIO_initPeripheralInputFunction  ti_msp_dl_config.o
    0x00000adc   0x00000adc   0x00000038   Code   RO           56    .text.DL_GPIO_initPeripheralInputFunctionFeatures  ti_msp_dl_config.o
    0x00000b14   0x00000b14   0x0000001c   Code   RO           52    .text.DL_GPIO_initPeripheralOutputFunction  ti_msp_dl_config.o
    0x00000b30   0x00000b30   0x00000016   Code   RO          305    .text.DL_GPIO_readPins  key.o
    0x00000b46   0x00000b46   0x00000016   Code   RO          356    .text.DL_GPIO_readPins  encoder.o
    0x00000b5c   0x00000b5c   0x00000018   Code   RO           40    .text.DL_GPIO_reset  ti_msp_dl_config.o
    0x00000b74   0x00000b74   0x0000001c   Code   RO           70    .text.DL_GPIO_setLowerPinsPolarity  ti_msp_dl_config.o
    0x00000b90   0x00000b90   0x00000014   Code   RO          268    .text.DL_GPIO_setPins  oled.o
    0x00000ba4   0x00000ba4   0x00000018   Code   RO          330    .text.DL_GPIO_setPins  motor.o
    0x00000bbc   0x00000bbc   0x00000018   Code   RO           72    .text.DL_GPIO_setUpperPinsPolarity  ti_msp_dl_config.o
    0x00000bd4   0x00000bd4   0x00000018   Code   RO          291    .text.DL_GPIO_togglePins  led.o
    0x00000bec   0x00000bec   0x000000c0   Code   RO          601    .text.DL_SYSCTL_configSYSPLL  driverlib.a(dl_sysctl_mspm0g1x0x_g3x0x.o)
    0x00000cac   0x00000cac   0x0000000c   Code   RO           84    .text.DL_SYSCTL_disableHFXT  ti_msp_dl_config.o
    0x00000cb8   0x00000cb8   0x00000014   Code   RO           86    .text.DL_SYSCTL_disableSYSPLL  ti_msp_dl_config.o
    0x00000ccc   0x00000ccc   0x00000018   Code   RO           78    .text.DL_SYSCTL_setBORThreshold  ti_msp_dl_config.o
    0x00000ce4   0x00000ce4   0x0000001c   Code   RO           80    .text.DL_SYSCTL_setFlashWaitState  ti_msp_dl_config.o
    0x00000d00   0x00000d00   0x0000001c   Code   RO           82    .text.DL_SYSCTL_setSYSOSCFreq  ti_msp_dl_config.o
    0x00000d1c   0x00000d1c   0x00000018   Code   RO           88    .text.DL_SYSCTL_setULPCLKDivider  ti_msp_dl_config.o
    0x00000d34   0x00000d34   0x00000028   Code   RO          609    .text.DL_SYSCTL_switchMCLKfromSYSOSCtoHSCLK  driverlib.a(dl_sysctl_mspm0g1x0x_g3x0x.o)
    0x00000d5c   0x00000d5c   0x0000000c   Code   RO          142    .text.DL_SYSTICK_enable  ti_msp_dl_config.o
    0x00000d68   0x00000d68   0x00000028   Code   RO          140    .text.DL_SYSTICK_init  ti_msp_dl_config.o
    0x00000d90   0x00000d90   0x00000074   Code   RO          540    .text.DL_TimerA_initPWMMode  driverlib.a(dl_timer.o)
    0x00000e04   0x00000e04   0x00000010   Code   RO           92    .text.DL_Timer_enableClock  ti_msp_dl_config.o
    0x00000e14   0x00000e14   0x0000001c   Code   RO           96    .text.DL_Timer_enableInterrupt  ti_msp_dl_config.o
    0x00000e30   0x00000e30   0x00000014   Code   RO           48    .text.DL_Timer_enablePower  ti_msp_dl_config.o
    0x00000e44   0x00000e44   0x00000012   Code   RO          177    .text.DL_Timer_getPendingInterrupt  user.o
    0x00000e56   0x00000e56   0x00000002   PAD
    0x00000e58   0x00000e58   0x000000c0   Code   RO          484    .text.DL_Timer_initPWMMode  driverlib.a(dl_timer.o)
    0x00000f18   0x00000f18   0x000000f0   Code   RO          466    .text.DL_Timer_initTimerMode  driverlib.a(dl_timer.o)
    0x00001008   0x00001008   0x00000010   Code   RO           42    .text.DL_Timer_reset  ti_msp_dl_config.o
    0x00001018   0x00001018   0x00000014   Code   RO           94    .text.DL_Timer_setCCPDirection  ti_msp_dl_config.o
    0x0000102c   0x0000102c   0x0000001c   Code   RO          514    .text.DL_Timer_setCaptCompUpdateMethod  driverlib.a(dl_timer.o)
    0x00001048   0x00001048   0x00000018   Code   RO          488    .text.DL_Timer_setCaptureCompareOutCtl  driverlib.a(dl_timer.o)
    0x00001060   0x00001060   0x00000010   Code   RO          468    .text.DL_Timer_setCaptureCompareValue  driverlib.a(dl_timer.o)
    0x00001070   0x00001070   0x00000018   Code   RO          462    .text.DL_Timer_setClockConfig  driverlib.a(dl_timer.o)
    0x00001088   0x00001088   0x00000016   Code   RO          128    .text.DL_UART_enable  ti_msp_dl_config.o
    0x0000109e   0x0000109e   0x00000018   Code   RO          120    .text.DL_UART_enableFIFOs  ti_msp_dl_config.o
    0x000010b6   0x000010b6   0x00000016   Code   RO          126    .text.DL_UART_enableLoopbackMode  ti_msp_dl_config.o
    0x000010cc   0x000010cc   0x00000018   Code   RO           50    .text.DL_UART_enablePower  ti_msp_dl_config.o
    0x000010e4   0x000010e4   0x00000048   Code   RO          561    .text.DL_UART_init  driverlib.a(dl_uart.o)
    0x0000112c   0x0000112c   0x00000018   Code   RO          207    .text.DL_UART_isBusy  bsp_printf.o
    0x00001144   0x00001144   0x00000018   Code   RO           44    .text.DL_UART_reset  ti_msp_dl_config.o
    0x0000115c   0x0000115c   0x0000004c   Code   RO          118    .text.DL_UART_setBaudRateDivisor  ti_msp_dl_config.o
    0x000011a8   0x000011a8   0x00000012   Code   RO          563    .text.DL_UART_setClockConfig  driverlib.a(dl_uart.o)
    0x000011ba   0x000011ba   0x0000001e   Code   RO          116    .text.DL_UART_setOversampling  ti_msp_dl_config.o
    0x000011d8   0x000011d8   0x00000024   Code   RO          122    .text.DL_UART_setRXFIFOThreshold  ti_msp_dl_config.o
    0x000011fc   0x000011fc   0x00000028   Code   RO          124    .text.DL_UART_setTXFIFOThreshold  ti_msp_dl_config.o
    0x00001224   0x00001224   0x00000014   Code   RO          575    .text.DL_UART_transmitDataBlocking  driverlib.a(dl_uart.o)
    0x00001238   0x00001238   0x00000008   Code   RO          179    .text.GROUP1_IRQHandler  user.o
    0x00001240   0x00001240   0x00000120   Code   RO          352    .text.Get_Encoder   encoder.o
    0x00001360   0x00001360   0x00000100   Code   RO          380    .text.Get_Velocity_From_Encoder  control.o
    0x00001460   0x00001460   0x000000dc   Code   RO          386    .text.Incremental_PI_Left  control.o
    0x0000153c   0x0000153c   0x000000f0   Code   RO          388    .text.Incremental_PI_Right  control.o
    0x0000162c   0x0000162c   0x00000058   Code   RO          173    .text.Key           user.o
    0x00001684   0x00001684   0x00000044   Code   RO          293    .text.LED_Flash     led.o
    0x000016c8   0x000016c8   0x00000010   Code   RO          281    .text.LED_ON        led.o
    0x000016d8   0x000016d8   0x00000014   Code   RO          289    .text.LED_Toggle    led.o
    0x000016ec   0x000016ec   0x0000005c   Code   RO          244    .text.OLED_Clear    oled.o
    0x00001748   0x00001748   0x0000008c   Code   RO          246    .text.OLED_DrawPoint  oled.o
    0x000017d4   0x000017d4   0x000000e4   Code   RO          256    .text.OLED_Init     oled.o
    0x000018b8   0x000018b8   0x00000010   Code   RO          258    .text.OLED_RST_Clr  oled.o
    0x000018c8   0x000018c8   0x00000010   Code   RO          260    .text.OLED_RST_Set  oled.o
    0x000018d8   0x000018d8   0x00000010   Code   RO          230    .text.OLED_RS_Clr   oled.o
    0x000018e8   0x000018e8   0x00000014   Code   RO          228    .text.OLED_RS_Set   oled.o
    0x000018fc   0x000018fc   0x0000007c   Code   RO          224    .text.OLED_Refresh_Gram  oled.o
    0x00001978   0x00001978   0x00000010   Code   RO          232    .text.OLED_SCLK_Clr  oled.o
    0x00001988   0x00001988   0x00000010   Code   RO          238    .text.OLED_SCLK_Set  oled.o
    0x00001998   0x00001998   0x00000010   Code   RO          236    .text.OLED_SDIN_Clr  oled.o
    0x000019a8   0x000019a8   0x00000014   Code   RO          234    .text.OLED_SDIN_Set  oled.o
    0x000019bc   0x000019bc   0x00000114   Code   RO          248    .text.OLED_ShowChar  oled.o
    0x00001ad0   0x00001ad0   0x000000dc   Code   RO          252    .text.OLED_ShowNumber  oled.o
    0x00001bac   0x00001bac   0x0000007a   Code   RO          254    .text.OLED_ShowString  oled.o
    0x00001c26   0x00001c26   0x0000006e   Code   RO          226    .text.OLED_WR_Byte  oled.o
    0x00001c94   0x00001c94   0x0000003c   Code   RO          384    .text.PWM_Limit     control.o
    0x00001cd0   0x00001cd0   0x0000015c   Code   RO           24    .text.SYSCFG_DL_GPIO_init  ti_msp_dl_config.o
    0x00001e2c   0x00001e2c   0x0000007c   Code   RO           28    .text.SYSCFG_DL_PWM_0_init  ti_msp_dl_config.o
    0x00001ea8   0x00001ea8   0x00000048   Code   RO           26    .text.SYSCFG_DL_SYSCTL_init  ti_msp_dl_config.o
    0x00001ef0   0x00001ef0   0x00000010   Code   RO           34    .text.SYSCFG_DL_SYSTICK_init  ti_msp_dl_config.o
    0x00001f00   0x00001f00   0x00000030   Code   RO           30    .text.SYSCFG_DL_TIMER_0_init  ti_msp_dl_config.o
    0x00001f30   0x00001f30   0x00000058   Code   RO           32    .text.SYSCFG_DL_UART_0_init  ti_msp_dl_config.o
    0x00001f88   0x00001f88   0x0000002c   Code   RO           20    .text.SYSCFG_DL_init  ti_msp_dl_config.o
    0x00001fb4   0x00001fb4   0x0000005c   Code   RO           22    .text.SYSCFG_DL_initPower  ti_msp_dl_config.o
    0x00002010   0x00002010   0x0000010c   Code   RO          328    .text.Set_PWM       motor.o
    0x0000211c   0x0000211c   0x0000000c   Code   RO          192    .text.Systick_getTick  bsp_systick.o
    0x00002128   0x00002128   0x00000094   Code   RO          175    .text.TIMG0_IRQHandler  user.o
    0x000021bc   0x000021bc   0x0000002c   Code   RO          167    .text.__NVIC_ClearPendingIRQ  user.o
    0x000021e8   0x000021e8   0x0000002c   Code   RO          169    .text.__NVIC_EnableIRQ  user.o
    0x00002214   0x00002214   0x00000084   Code   RO           90    .text.__NVIC_SetPriority  ti_msp_dl_config.o
    0x00002298   0x00002298   0x0000012c   Code   RO          303    .text.click_N_Double  key.o
    0x000023c4   0x000023c4   0x00000024   Code   RO          194    .text.delay_ms      bsp_systick.o
    0x000023e8   0x000023e8   0x00000090   Code   RO          196    .text.delay_us      bsp_systick.o
    0x00002478   0x00002478   0x0000002c   Code   RO          209    .text.fputc         bsp_printf.o
    0x000024a4   0x000024a4   0x00000018   Code   RO            2    .text.main          empty.o
    0x000024bc   0x000024bc   0x00000020   Code   RO          382    .text.myabs         control.o
    0x000024dc   0x000024dc   0x00000030   Code   RO          250    .text.oled_pow      oled.o
    0x0000250c   0x0000250c   0x000002e4   Code   RO          371    .text.oled_show     show.o
    0x000027f0   0x000027f0   0x00000064   Code   RO          165    .text.user_init     user.o
    0x00002854   0x00002854   0x00000088   Code   RO          171    .text.user_main     user.o
    0x000028dc   0x000028dc   0x00000020   Code   RO          647    i.__0printf         mc_p.l(printfa.o)
    0x000028fc   0x000028fc   0x0000002e   Code   RO          727    i.__ARM_clz         mf_p.l(depilogue.o)
    0x0000292a   0x0000292a   0x00000006   PAD
    0x00002930   0x00002930   0x0000000e   Code   RO          745    i.__scatterload_copy  mc_p.l(handlers.o)
    0x0000293e   0x0000293e   0x00000002   PAD
    0x00002940   0x00002940   0x00000002   Code   RO          746    i.__scatterload_null  mc_p.l(handlers.o)
    0x00002942   0x00002942   0x00000006   PAD
    0x00002948   0x00002948   0x0000000e   Code   RO          747    i.__scatterload_zeroinit  mc_p.l(handlers.o)
    0x00002956   0x00002956   0x00000002   PAD
    0x00002958   0x00002958   0x00000174   Code   RO          654    i._fp_digits        mc_p.l(printfa.o)
    0x00002acc   0x00002acc   0x000006ec   Code   RO          655    i._printf_core      mc_p.l(printfa.o)
    0x000031b8   0x000031b8   0x00000020   Code   RO          656    i._printf_post_padding  mc_p.l(printfa.o)
    0x000031d8   0x000031d8   0x0000002c   Code   RO          657    i._printf_pre_padding  mc_p.l(printfa.o)
    0x00003204   0x00003204   0x00000003   Data   RO          148    .rodata.gPWM_0ClockConfig  ti_msp_dl_config.o
    0x00003207   0x00003207   0x00000001   PAD
    0x00003208   0x00003208   0x00000008   Data   RO          149    .rodata.gPWM_0Config  ti_msp_dl_config.o
    0x00003210   0x00003210   0x00000028   Data   RO          147    .rodata.gSYSPLLConfig  ti_msp_dl_config.o
    0x00003238   0x00003238   0x00000003   Data   RO          150    .rodata.gTIMER_0ClockConfig  ti_msp_dl_config.o
    0x0000323b   0x0000323b   0x00000001   PAD
    0x0000323c   0x0000323c   0x00000014   Data   RO          151    .rodata.gTIMER_0TimerConfig  ti_msp_dl_config.o
    0x00003250   0x00003250   0x00000002   Data   RO          153    .rodata.gUART_0ClockConfig  ti_msp_dl_config.o
    0x00003252   0x00003252   0x0000000a   Data   RO          154    .rodata.gUART_0Config  ti_msp_dl_config.o
    0x0000325c   0x0000325c   0x00000474   Data   RO          270    .rodata.oled_asc2_1206  oled.o
    0x000036d0   0x000036d0   0x000005f0   Data   RO          271    .rodata.oled_asc2_1608  oled.o
    0x00003cc0   0x00003cc0   0x00000021   Data   RO          184    .rodata.str1.1      user.o
    0x00003ce1   0x00003ce1   0x00000034   Data   RO          373    .rodata.str1.1      show.o
    0x00003d15   0x00003d15   0x00000003   PAD
    0x00003d18   0x00003d18   0x00000020   Data   RO          744    Region$$Table       anon$$obj.o


    Execution Region RW_IRAM2 (Exec base: 0x20200000, Load base: 0x00003d38, Size: 0x00001540, Max: 0x00008000, ABSOLUTE)

    Exec Addr    Load Addr    Size         Type   Attr      Idx    E Section Name        Object

    0x20200000   0x00003d38   0x00000004   Data   RW          635    .data               mc_p.l(stdout.o)
    0x20200004   0x00003d3c   0x00000004   Data   RW          181    .data.Flag_Stop     user.o
    0x20200008   0x00003d40   0x00000008   Data   RW          392    .data.V_PID         control.o
    0x20200010   0x00003d48   0x00000004   Data   RW          391    .data.Velocity_KI   control.o
    0x20200014   0x00003d4c   0x00000004   Data   RW          390    .data.Velocity_KP   control.o
    0x20200018        -       0x00000004   Zero   RW          362    .bss.Get_Encoder_countA  encoder.o
    0x2020001c        -       0x00000004   Zero   RW          363    .bss.Get_Encoder_countB  encoder.o
    0x20200020        -       0x00000004   Zero   RW          393    .bss.Get_Velocity_From_Encoder.Filtered_SpeedA  control.o
    0x20200024        -       0x00000004   Zero   RW          394    .bss.Get_Velocity_From_Encoder.Filtered_SpeedB  control.o
    0x20200028        -       0x00000004   Zero   RW          398    .bss.Incremental_PI_Left.Bias  control.o
    0x2020002c        -       0x00000004   Zero   RW          400    .bss.Incremental_PI_Left.Last_bias  control.o
    0x20200030        -       0x00000004   Zero   RW          399    .bss.Incremental_PI_Left.Pwm  control.o
    0x20200034        -       0x00000004   Zero   RW          401    .bss.Incremental_PI_Right.Bias  control.o
    0x20200038        -       0x00000004   Zero   RW          403    .bss.Incremental_PI_Right.Last_bias  control.o
    0x2020003c        -       0x00000004   Zero   RW          402    .bss.Incremental_PI_Right.Pwm  control.o
    0x20200040        -       0x00000002   Zero   RW          295    .bss.LED_Flash.temp  led.o
    0x20200042   0x00003d50   0x00000002   PAD
    0x20200044        -       0x00000010   Zero   RW          396    .bss.MotorA         control.o
    0x20200054        -       0x00000010   Zero   RW          397    .bss.MotorB         control.o
    0x20200064        -       0x00000400   Zero   RW          273    .bss.OLED_GRAM      oled.o
    0x20200464        -       0x00000008   Zero   RW          395    .bss.OriginalEncoder  control.o
    0x2020046c        -       0x00000002   Zero   RW          315    .bss.click_N_Double.Forever_count  key.o
    0x2020046e        -       0x00000001   Zero   RW          312    .bss.click_N_Double.count_key  key.o
    0x2020046f   0x00003d50   0x00000001   PAD
    0x20200470        -       0x00000002   Zero   RW          314    .bss.click_N_Double.count_single  key.o
    0x20200472        -       0x00000001   Zero   RW          313    .bss.click_N_Double.double_key  key.o
    0x20200473        -       0x00000001   Zero   RW          311    .bss.click_N_Double.flag_key  key.o
    0x20200474        -       0x000000bc   Zero   RW          146    .bss.gPWM_0Backup   ti_msp_dl_config.o
    0x20200530        -       0x00000004   Zero   RW          360    .bss.gpio_interrup1  encoder.o
    0x20200534        -       0x00000004   Zero   RW          361    .bss.gpio_interrup2  encoder.o
    0x20200538        -       0x00000004   Zero   RW          182    .bss.user_main.last_oled_tick  user.o
    0x2020053c        -       0x00000004   Zero   RW          183    .bss.user_main.last_printf_tick  user.o
    0x20200540        -       0x00001000   Zero   RW           10    STACK               startup_mspm0g350x_uvision.o



  Load Region LR_BCR (Base: 0x41c00000, Size: 0x00000000, Max: 0x00000100, ABSOLUTE)

    Execution Region BCR_CONFIG (Exec base: 0x41c00000, Load base: 0x41c00000, Size: 0x00000000, Max: 0x00000080, ABSOLUTE)

    **** No section assigned to this execution region ****



  Load Region LR_BSL (Base: 0x41c00100, Size: 0x00000000, Max: 0x00000100, ABSOLUTE)

    Execution Region BSL_CONFIG (Exec base: 0x41c00100, Load base: 0x41c00100, Size: 0x00000000, Max: 0x00000080, ABSOLUTE)

    **** No section assigned to this execution region ****


==============================================================================

Image component sizes


      Code (inc. data)   RO Data    RW Data    ZI Data      Debug   Object Name

        68          8          0          0          0       3922   bsp_printf.o
       192         16          0          0          0       1322   bsp_systick.o
       808         80          0         16         72       2359   control.o
        24          0          0          0          0        375   empty.o
       362         32          0          0         16       4142   encoder.o
       322         24          0          0          7       4378   key.o
       148         12          0          0          2       4148   led.o
       312         12          0          0          0       6775   motor.o
      1536         20       2660          0       1024       7753   oled.o
       740         56         52          0          0       1126   show.o
        20          4        192          0       4096        608   startup_mspm0g350x_uvision.o
      2006        156         86          0        188      39019   ti_msp_dl_config.o
       586         84         33          4          8       6267   user.o

    ----------------------------------------------------------------------
      7128        504       3060         20       5416      82194   Object Totals
         0          0         32          0          0          0   (incl. Generated)
         4          0          5          0          3          0   (incl. Padding)

    ----------------------------------------------------------------------

      Code (inc. data)   RO Data    RW Data    ZI Data      Debug   Library Member Name

        10          0          0          0          0        802   dl_common.o
       232         20          0          0          0      18490   dl_sysctl_mspm0g1x0x_g3x0x.o
       640        192          0          0          0      40185   dl_timer.o
       110         12          0          0          0      14128   dl_uart.o
         0          0          0          0          0          0   entry.o
         0          0          0          0          0          0   entry10a.o
         0          0          0          0          0          0   entry11a.o
         8          4          0          0          0          0   entry2.o
         4          0          0          0          0          0   entry5.o
         0          0          0          0          0          0   entry7b.o
         0          0          0          0          0          0   entry8b.o
         8          4          0          0          0          0   entry9a.o
        30          0          0          0          0          0   handlers.o
        48         10          0          0          0         68   init.o
         0          0          0          0          0          0   iusefp.o
        32          0          0          0          0         68   llshl.o
        38          0          0          0          0         68   llsshr.o
        34          0          0          0          0         68   llushr.o
        36          0          0          0          0        100   memseta.o
      2252         98          0          0          0        412   printfa.o
         0          0          0          4          0          0   stdout.o
        62          0          0          0          0         72   uidiv_div0.o
        96          0          0          0          0         84   uldiv.o
        40          2          0          0          0         68   cdrcmple.o
        56          0          0          0          0         68   d2f.o
       356          4          0          0          0        140   dadd.o
       240          6          0          0          0         84   ddiv.o
       236          0          0          0          0        216   depilogue.o
        64         10          0          0          0         68   dfixul.o
       208          6          0          0          0         88   dmul.o
        40          0          0          0          0         60   f2d.o
       178          0          0          0          0        108   fadd.o
        28          0          0          0          0         60   fcmpge.o
        28          0          0          0          0         60   fcmple.o
        28          0          0          0          0         60   fcmplt.o
       130          0          0          0          0        144   fepilogue.o
        50          0          0          0          0         60   ffixi.o
        22          0          0          0          0         68   fflti.o
       122          0          0          0          0         72   fmul.o

    ----------------------------------------------------------------------
      5484        368          0          4          0      75969   Library Totals
        18          0          0          0          0          0   (incl. Padding)

    ----------------------------------------------------------------------

      Code (inc. data)   RO Data    RW Data    ZI Data      Debug   Library Name

       992        224          0          0          0      73605   driverlib.a
      2648        116          0          4          0        940   mc_p.l
      1826         28          0          0          0       1424   mf_p.l

    ----------------------------------------------------------------------
      5484        368          0          4          0      75969   Library Totals

    ----------------------------------------------------------------------

==============================================================================


      Code (inc. data)   RO Data    RW Data    ZI Data      Debug   

     12612        872       3060         24       5416     156863   Grand Totals
     12612        872       3060         24       5416     156863   ELF Image Totals
     12612        872       3060         24          0          0   ROM Totals

==============================================================================

    Total RO  Size (Code + RO Data)                15672 (  15.30kB)
    Total RW  Size (RW Data + ZI Data)              5440 (   5.31kB)
    Total ROM Size (Code + RO Data + RW Data)      15696 (  15.33kB)

==============================================================================

